Archive member included to satisfy reference by file (symbol)

libopencm3/lib/libopencm3_stm32f1.a(adc.o)
                              obj/anain.o (adc_power_on)
libopencm3/lib/libopencm3_stm32f1.a(adc_common_v1.o)
                              obj/anain.o (adc_power_off)
libopencm3/lib/libopencm3_stm32f1.a(can.o)
                              obj/stm32_can.o (can_reset)
libopencm3/lib/libopencm3_stm32f1.a(crc_common_all.o)
                              obj/hwinit.o (crc_reset)
libopencm3/lib/libopencm3_stm32f1.a(desig_common_v1.o)
                              obj/hwinit.o (desig_get_flash_size)
libopencm3/lib/libopencm3_stm32f1.a(dma_common_l1f013.o)
                              obj/terminal.o (dma_channel_reset)
libopencm3/lib/libopencm3_stm32f1.a(flash.o)
                              obj/hwinit.o (flash_erase_page)
libopencm3/lib/libopencm3_stm32f1.a(flash_common_all.o)
                              obj/canmap.o (flash_set_ws)
libopencm3/lib/libopencm3_stm32f1.a(flash_common_f.o)
                              obj/hwinit.o (flash_unlock)
libopencm3/lib/libopencm3_stm32f1.a(flash_common_f01.o)
                              libopencm3/lib/libopencm3_stm32f1.a(flash.o) (flash_clear_pgerr_flag)
libopencm3/lib/libopencm3_stm32f1.a(gpio.o)
                              obj/hwinit.o (gpio_set_mode)
libopencm3/lib/libopencm3_stm32f1.a(gpio_common_all.o)
                              obj/digio.o (gpio_set)
libopencm3/lib/libopencm3_stm32f1.a(iwdg_common_all.o)
                              obj/main.o (iwdg_reset)
libopencm3/lib/libopencm3_stm32f1.a(rcc.o)
                              obj/hwinit.o (rcc_clock_setup_pll)
libopencm3/lib/libopencm3_stm32f1.a(rcc_common_all.o)
                              obj/hwinit.o (rcc_periph_clock_enable)
libopencm3/lib/libopencm3_stm32f1.a(rtc.o)
                              obj/main.o (rtc_get_counter_val)
libopencm3/lib/libopencm3_stm32f1.a(spi_common_all.o)
                              obj/hwinit.o (spi_enable)
libopencm3/lib/libopencm3_stm32f1.a(spi_common_v1.o)
                              obj/hwinit.o (spi_init_master)
libopencm3/lib/libopencm3_stm32f1.a(timer_common_all.o)
                              obj/stm32scheduler.o (timer_enable_irq)
libopencm3/lib/libopencm3_stm32f1.a(usart_common_all.o)
                              obj/hwinit.o (usart_set_baudrate)
libopencm3/lib/libopencm3_stm32f1.a(usart_common_f124.o)
                              libopencm3/lib/libopencm3_stm32f1.a(usart_common_all.o) (usart_send)
libopencm3/lib/libopencm3_stm32f1.a(vector.o)
                              (reset_handler)
libopencm3/lib/libopencm3_stm32f1.a(scb.o)
                              obj/terminalcommands.o (scb_reset_system)
libopencm3/lib/libopencm3_stm32f1.a(nvic.o)
                              obj/hwinit.o (nvic_enable_irq)
libopencm3/lib/libopencm3_stm32f1.a(assert.o)
                              libopencm3/lib/libopencm3_stm32f1.a(rcc.o) (cm3_assert_failed)
libopencm3/lib/libopencm3_stm32f1.a(pwr_common_v1.o)
                              libopencm3/lib/libopencm3_stm32f1.a(rtc.o) (pwr_disable_backup_domain_write_protect)
/usr/lib/gcc/arm-none-eabi/10.2.0/thumb/v7/nofp/libgcc.a(_arm_muldf3.o)
                              obj/BatMan.o (__aeabi_dmul)
/usr/lib/gcc/arm-none-eabi/10.2.0/thumb/v7/nofp/libgcc.a(_arm_mulsf3.o)
                              obj/params.o (__aeabi_fmul)
/usr/lib/gcc/arm-none-eabi/10.2.0/thumb/v7/nofp/libgcc.a(_arm_addsubdf3.o)
                              obj/BatMan.o (__aeabi_dsub)
/usr/lib/gcc/arm-none-eabi/10.2.0/thumb/v7/nofp/libgcc.a(_arm_muldivdf3.o)
                              obj/BatMan.o (__aeabi_ddiv)
/usr/lib/gcc/arm-none-eabi/10.2.0/thumb/v7/nofp/libgcc.a(_arm_fixdfsi.o)
                              obj/BatMan.o (__aeabi_d2iz)
/usr/lib/gcc/arm-none-eabi/10.2.0/thumb/v7/nofp/libgcc.a(_arm_fixunsdfsi.o)
                              obj/BatMan.o (__aeabi_d2uiz)
/usr/lib/gcc/arm-none-eabi/10.2.0/thumb/v7/nofp/libgcc.a(_arm_truncdfsf2.o)
                              obj/BatMan.o (__aeabi_d2f)
/usr/lib/gcc/arm-none-eabi/10.2.0/thumb/v7/nofp/libgcc.a(_arm_addsubsf3.o)
                              obj/BatMan.o (__aeabi_fsub)
/usr/lib/gcc/arm-none-eabi/10.2.0/thumb/v7/nofp/libgcc.a(_arm_muldivsf3.o)
                              obj/main.o (__aeabi_fdiv)
/usr/lib/gcc/arm-none-eabi/10.2.0/thumb/v7/nofp/libgcc.a(_arm_cmpsf2.o)
                              obj/BatMan.o (__aeabi_fcmpeq)
/usr/lib/gcc/arm-none-eabi/10.2.0/thumb/v7/nofp/libgcc.a(_arm_fixsfsi.o)
                              obj/params.o (__aeabi_f2iz)
/usr/lib/gcc/arm-none-eabi/10.2.0/thumb/v7/nofp/libgcc.a(_arm_fixunssfsi.o)
                              obj/CAN_Common.o (__aeabi_f2uiz)
/usr/lib/gcc/arm-none-eabi/10.2.0/../../../../arm-none-eabi/lib/thumb/v7/nofp/libc.a(lib_a-memset.o)
                              obj/BatMan.o (memset)

Discarded input sections

 .group         0x0000000000000000        0x8 obj/main.o
[...]
Memory Configuration

Name             Origin             Length             Attributes
rom              0x0000000008001000 0x000000000001e000 xr
ram              0x0000000020000000 0x0000000000005000 xrw
*default*        0x0000000000000000 0xffffffffffffffff

Linker script and memory map

LOAD obj/main.o
LOAD obj/hwinit.o
LOAD obj/stm32scheduler.o
LOAD obj/params.o
LOAD obj/terminal.o
LOAD obj/terminal_prj.o
LOAD obj/my_string.o
LOAD obj/digio.o
LOAD obj/sine_core.o
LOAD obj/my_fp.o
LOAD obj/printf.o
LOAD obj/anain.o
LOAD obj/param_save.o
LOAD obj/errormessage.o
LOAD obj/stm32_can.o
LOAD obj/canhardware.o
LOAD obj/canmap.o
LOAD obj/picontroller.o
LOAD obj/terminalcommands.o
LOAD obj/BatMan.o
LOAD obj/ModelS.o
LOAD obj/CAN_Common.o
LOAD obj/cansdo.o
LOAD obj/BMSUtil.o
LOAD obj/MAXbms.o
LOAD obj/isa_shunt.o
LOAD libopencm3/lib/libopencm3_stm32f1.a
START GROUP
LOAD /usr/lib/gcc/arm-none-eabi/10.2.0/thumb/v7/nofp/libgcc.a
LOAD /usr/lib/gcc/arm-none-eabi/10.2.0/../../../../arm-none-eabi/lib/thumb/v7/nofp/libc.a
END GROUP

.text           0x0000000008001000     0x9d2c
 *(.vectors)
 .vectors       0x0000000008001000      0x150 libopencm3/lib/libopencm3_stm32f1.a(vector.o)
                0x0000000008001000                vector_table
 *(.text*)
 .text._ZN23FunctionPointerCallback8HandleRxEmPmh
                0x0000000008001150       0x10 obj/main.o
                0x0000000008001150                FunctionPointerCallback::HandleRx(unsigned long, unsigned long*, unsigned char)
 .text._ZN23FunctionPointerCallback11HandleClearEv
                0x0000000008001160        0x8 obj/main.o
                0x0000000008001160                FunctionPointerCallback::HandleClear()
 .text._ZL9Ms100Taskv
                0x0000000008001168       0x5c obj/main.o
 .text._ZL8Ms10Taskv
                0x00000000080011c4       0x24 obj/main.o
 .text._ZL11CanCallbackmPmh
                0x00000000080011e8       0x22 obj/main.o
 *fill*         0x000000000800120a        0x2 
 .text._ZL11HandleClearv
                0x000000000800120c       0x1c obj/main.o
 .text.__cxa_pure_virtual
                0x0000000008001228        0x2 obj/main.o
                0x0000000008001228                __cxa_pure_virtual
 .text._ZN5Param6ChangeENS_9PARAM_NUME
                0x000000000800122a        0x2 obj/main.o
                0x000000000800122a                Param::Change(Param::PARAM_NUM)
 .text.tim2_isr
                0x000000000800122c       0x10 obj/main.o
                0x000000000800122c                tim2_isr
 .text.main     0x000000000800123c      0x1f8 obj/main.o
                0x000000000800123c                main
 .text.clock_setup
                0x0000000008001434       0x84 obj/hwinit.o
                0x0000000008001434                clock_setup
 .text.write_bootloader_pininit
                0x00000000080014b8       0x90 obj/hwinit.o
                0x00000000080014b8                write_bootloader_pininit
 .text.nvic_setup
                0x0000000008001548       0x12 obj/hwinit.o
                0x0000000008001548                nvic_setup
 .text.rtc_setup
                0x000000000800155a       0x14 obj/hwinit.o
                0x000000000800155a                rtc_setup
 *fill*         0x000000000800156e        0x2 
 .text.spi1_setup
                0x0000000008001570       0x8c obj/hwinit.o
                0x0000000008001570                spi1_setup
 .text.usart1_setup
                0x00000000080015fc       0x58 obj/hwinit.o
                0x00000000080015fc                usart1_setup
 .text._ZN14Stm32SchedulerC2Em
                0x0000000008001654       0x44 obj/stm32scheduler.o
                0x0000000008001654                Stm32Scheduler::Stm32Scheduler(unsigned long)
                0x0000000008001654                Stm32Scheduler::Stm32Scheduler(unsigned long)
 .text._ZN14Stm32Scheduler7AddTaskEPFvvEt
                0x0000000008001698       0x6c obj/stm32scheduler.o
                0x0000000008001698                Stm32Scheduler::AddTask(void (*)(), unsigned short)
 .text._ZN14Stm32Scheduler3RunEv
                0x0000000008001704       0x70 obj/stm32scheduler.o
                0x0000000008001704                Stm32Scheduler::Run()
 .text._ZN14Stm32Scheduler10GetCpuLoadEv
                0x0000000008001774       0x30 obj/stm32scheduler.o
                0x0000000008001774                Stm32Scheduler::GetCpuLoad()
 .text._ZN5Param3SetENS_9PARAM_NUMEl
                0x00000000080017a4       0x40 obj/params.o
                0x00000000080017a4                Param::Set(Param::PARAM_NUM, long)
 .text._ZN5Param3GetENS_9PARAM_NUME
                0x00000000080017e4        0xc obj/params.o
                0x00000000080017e4                Param::Get(Param::PARAM_NUM)
 .text._ZN5Param6GetIntENS_9PARAM_NUME
                0x00000000080017f0       0x10 obj/params.o
                0x00000000080017f0                Param::GetInt(Param::PARAM_NUM)
 .text._ZN5Param8GetFloatENS_9PARAM_NUME
                0x0000000008001800       0x1c obj/params.o
                0x0000000008001800                Param::GetFloat(Param::PARAM_NUM)
 .text._ZN5Param6SetIntENS_9PARAM_NUMEi
                0x000000000800181c       0x10 obj/params.o
                0x000000000800181c                Param::SetInt(Param::PARAM_NUM, int)
 .text._ZN5Param8SetFixedENS_9PARAM_NUMEl
                0x000000000800182c        0xc obj/params.o
                0x000000000800182c                Param::SetFixed(Param::PARAM_NUM, long)
 .text._ZN5Param8SetFloatENS_9PARAM_NUMEf
                0x0000000008001838       0x20 obj/params.o
                0x0000000008001838                Param::SetFloat(Param::PARAM_NUM, float)
 .text._ZN5Param13NumFromStringEPKc
                0x0000000008001858       0x28 obj/params.o
                0x0000000008001858                Param::NumFromString(char const*)
 .text._ZN5Param9NumFromIdEm
                0x0000000008001880       0x20 obj/params.o
                0x0000000008001880                Param::NumFromId(unsigned long)
 .text._ZN5Param9GetAttribENS_9PARAM_NUME
                0x00000000080018a0       0x10 obj/params.o
                0x00000000080018a0                Param::GetAttrib(Param::PARAM_NUM)
 .text._ZN5Param12LoadDefaultsEv
                0x00000000080018b0       0x28 obj/params.o
                0x00000000080018b0                Param::LoadDefaults()
 .text._ZN5Param11SetFlagsRawENS_9PARAM_NUMEh
                0x00000000080018d8        0xc obj/params.o
                0x00000000080018d8                Param::SetFlagsRaw(Param::PARAM_NUM, unsigned char)
 .text._ZN5Param7SetFlagENS_9PARAM_NUMENS_10PARAM_FLAGE
                0x00000000080018e4       0x10 obj/params.o
                0x00000000080018e4                Param::SetFlag(Param::PARAM_NUM, Param::PARAM_FLAG)
 .text._ZN5Param9ClearFlagENS_9PARAM_NUMENS_10PARAM_FLAGE
                0x00000000080018f4       0x10 obj/params.o
                0x00000000080018f4                Param::ClearFlag(Param::PARAM_NUM, Param::PARAM_FLAG)
 .text._ZN5Param7GetFlagENS_9PARAM_NUME
                0x0000000008001904        0xc obj/params.o
                0x0000000008001904                Param::GetFlag(Param::PARAM_NUM)
 .text._ZN5Param7GetTypeENS_9PARAM_NUME
                0x0000000008001910       0x14 obj/params.o
                0x0000000008001910                Param::GetType(Param::PARAM_NUM)
 .text._ZN5Param8GetIdSumEv
                0x0000000008001924        0x8 obj/params.o
                0x0000000008001924                Param::GetIdSum()
 .text._ZN8Terminal10KeyPressedEv
                0x000000000800192c        0xc obj/terminal.o
                0x000000000800192c                Terminal::KeyPressed()
 .text._ZN8Terminal10FlushInputEv
                0x0000000008001938        0xa obj/terminal.o
                0x0000000008001938                Terminal::FlushInput()
 .text._ZN8Terminal8ResetDMAEv
                0x0000000008001942       0x34 obj/terminal.o
                0x0000000008001942                Terminal::ResetDMA()
 *fill*         0x0000000008001976        0x2 
 .text._ZN8TerminalC2EmPK8TERM_CMDbb
                0x0000000008001978      0x15c obj/terminal.o
                0x0000000008001978                Terminal::Terminal(unsigned long, TERM_CMD const*, bool, bool)
                0x0000000008001978                Terminal::Terminal(unsigned long, TERM_CMD const*, bool, bool)
 .text._ZN8Terminal9CmdLookupEPc
                0x0000000008001ad4       0x2a obj/terminal.o
                0x0000000008001ad4                Terminal::CmdLookup(char*)
 .text._ZN8Terminal17SendCurrentBufferEm
                0x0000000008001afe       0x74 obj/terminal.o
                0x0000000008001afe                Terminal::SendCurrentBuffer(unsigned long)
 .text._ZN8Terminal7PutCharEc
                0x0000000008001b72       0x4c obj/terminal.o
                0x0000000008001b72                Terminal::PutChar(char)
 .text._ZN8Terminal10SendBinaryEPKhm
                0x0000000008001bbe       0x32 obj/terminal.o
                0x0000000008001bbe                Terminal::SendBinary(unsigned char const*, unsigned long)
 .text._ZN8Terminal4SendEPKc
                0x0000000008001bf0       0x18 obj/terminal.o
                0x0000000008001bf0                Terminal::Send(char const*)
 .text._ZN8Terminal10EnableUartEPc
                0x0000000008001c08       0x70 obj/terminal.o
                0x0000000008001c08                Terminal::EnableUart(char*)
 .text._ZN8Terminal8FastUartEPc
                0x0000000008001c78       0x78 obj/terminal.o
                0x0000000008001c78                Terminal::FastUart(char*)
 .text._ZN8Terminal4EchoEPc
                0x0000000008001cf0       0x3c obj/terminal.o
                0x0000000008001cf0                Terminal::Echo(char*)
 .text._ZN8Terminal3RunEv
                0x0000000008001d2c      0x17c obj/terminal.o
                0x0000000008001d2c                Terminal::Run()
 .text.putchar  0x0000000008001ea8       0x18 obj/terminal.o
                0x0000000008001ea8                putchar
 .text._ZL4HelpP8TerminalPc
                0x0000000008001ec0        0x2 obj/terminal_prj.o
 .text._ZL11PrintErrorsP8TerminalPc
                0x0000000008001ec2        0x8 obj/terminal_prj.o
 *fill*         0x0000000008001eca        0x2 
 .text._ZL11PrintSerialP8TerminalPc
                0x0000000008001ecc       0x28 obj/terminal_prj.o
 .text._ZL12LoadDefaultsP8TerminalPc
                0x0000000008001ef4       0x18 obj/terminal_prj.o
 .text._ZN16TerminalCommands15PrintParamsJsonEP8TerminalPc
                0x0000000008001f0c        0x8 obj/terminal_prj.o
                0x0000000008001f0c                TerminalCommands::PrintParamsJson(Terminal*, char*)
 .text.my_strcmp
                0x0000000008001f14       0x1c obj/my_string.o
                0x0000000008001f14                my_strcmp
 .text.my_strcpy
                0x0000000008001f30       0x12 obj/my_string.o
                0x0000000008001f30                my_strcpy
 .text.my_strlen
                0x0000000008001f42        0xe obj/my_string.o
                0x0000000008001f42                my_strlen
 .text.my_strchr
                0x0000000008001f50       0x10 obj/my_string.o
                0x0000000008001f50                my_strchr
 .text.my_ltoa  0x0000000008001f60       0x5a obj/my_string.o
                0x0000000008001f60                my_ltoa
 .text.my_atoi  0x0000000008001fba       0x30 obj/my_string.o
                0x0000000008001fba                my_atoi
 *fill*         0x0000000008001fea        0x2 
 .text.my_trim  0x0000000008001fec       0x54 obj/my_string.o
                0x0000000008001fec                my_trim
 .text.memcpy32
                0x0000000008002040       0x16 obj/my_string.o
                0x0000000008002040                memcpy32
 .text.memset32
                0x0000000008002056        0xc obj/my_string.o
                0x0000000008002056                memset32
 .text._ZN5DigIo9ConfigureEmtN7PinMode7PinModeE
                0x0000000008002062       0x92 obj/digio.o
                0x0000000008002062                DigIo::Configure(unsigned long, unsigned short, PinMode::PinMode)
 .text._Z41__static_initialization_and_destruction_0ii
                0x00000000080020f4       0x1c obj/sine_core.o
 .text._GLOBAL__sub_I__ZN8SineCore8minPulseE
                0x0000000008002110        0xe obj/sine_core.o
 .text.fp_itoa  0x000000000800211e       0x5a obj/my_fp.o
                0x000000000800211e                fp_itoa
 .text.fp_atoi  0x0000000008002178       0x62 obj/my_fp.o
                0x0000000008002178                fp_atoi
 .text._ZL6printsP8IPutCharPKcii
                0x00000000080021da       0x86 obj/printf.o
 .text._ZL6printiP8IPutChariiiiii
                0x0000000008002260       0xae obj/printf.o
 .text._ZN13ExternPutChar7PutCharEc
                0x000000000800230e        0xa obj/printf.o
                0x000000000800230e                ExternPutChar::PutChar(char)
 .text._ZL7printfpP8IPutChariii
                0x0000000008002318       0x20 obj/printf.o
 .text._ZL5printP8IPutCharPKcSt9__va_list
                0x0000000008002338      0x154 obj/printf.o
 .text._Z6printfPKcz
                0x000000000800248c       0x28 obj/printf.o
                0x000000000800248c                printf(char const*, ...)
 .text._Z7fprintfP8IPutCharPKcz
                0x00000000080024b4       0x1c obj/printf.o
                0x00000000080024b4                fprintf(IPutChar*, char const*, ...)
 .text._Z41__static_initialization_and_destruction_0ii
                0x00000000080024d0       0x28 obj/anain.o
 .text._ZN5AnaIn5StartEv
                0x00000000080024f8       0xe8 obj/anain.o
                0x00000000080024f8                AnaIn::Start()
 .text._ZN5AnaIn13AdcChFromPortEmi
                0x00000000080025e0       0x44 obj/anain.o
                0x00000000080025e0                AnaIn::AdcChFromPort(unsigned long, int)
 .text._ZN5AnaIn9ConfigureEmh
                0x0000000008002624       0x38 obj/anain.o
                0x0000000008002624                AnaIn::Configure(unsigned long, unsigned char)
 .text._GLOBAL__sub_I__ZN5AnaIn13channel_arrayE
                0x000000000800265c        0xe obj/anain.o
 *fill*         0x000000000800266a        0x2 
 .text._ZL15GetFlashAddressv
                0x000000000800266c       0x14 obj/param_save.o
 .text.parm_save
                0x0000000008002680       0xb6 obj/param_save.o
                0x0000000008002680                parm_save
 .text.parm_load
                0x0000000008002736       0x5c obj/param_save.o
                0x0000000008002736                parm_load
 *fill*         0x0000000008002792        0x2 
 .text._ZN12ErrorMessage7SetTimeEm
                0x0000000008002794        0xc obj/errormessage.o
                0x0000000008002794                ErrorMessage::SetTime(unsigned long)
 .text._ZN12ErrorMessage10PrintErrorEm17ERROR_MESSAGE_NUM
                0x00000000080027a0       0x2c obj/errormessage.o
                0x00000000080027a0                ErrorMessage::PrintError(unsigned long, ERROR_MESSAGE_NUM)
 .text._ZN12ErrorMessage14PrintAllErrorsEv
                0x00000000080027cc       0x38 obj/errormessage.o
                0x00000000080027cc                ErrorMessage::PrintAllErrors()
 .text._ZN8Stm32Can11SetBaudrateEN11CanHardware9baudratesE
                0x0000000008002804       0x48 obj/stm32_can.o
                0x0000000008002804                Stm32Can::SetBaudrate(CanHardware::baudrates)
 .text._ZN8Stm32Can4SendEmPmh
                0x000000000800284c       0x78 obj/stm32_can.o
                0x000000000800284c                Stm32Can::Send(unsigned long, unsigned long*, unsigned char)
 .text._ZN8Stm32Can12GetInterfaceEi
                0x00000000080028c4       0x14 obj/stm32_can.o
                0x00000000080028c4                Stm32Can::GetInterface(int)
 .text._ZN8Stm32Can13HandleMessageEi
                0x00000000080028d8       0x54 obj/stm32_can.o
                0x00000000080028d8                Stm32Can::HandleMessage(int)
 .text._ZN8Stm32Can8HandleTxEv
                0x000000000800292c       0x64 obj/stm32_can.o
                0x000000000800292c                Stm32Can::HandleTx()
 .text._ZN8Stm32Can13SetFilterBankERiS0_Pt
                0x0000000008002990       0x56 obj/stm32_can.o
                0x0000000008002990                Stm32Can::SetFilterBank(int&, int&, unsigned short*)
 .text._ZN8Stm32Can17SetFilterBankMaskERiS0_Pt
                0x00000000080029e6       0x5a obj/stm32_can.o
                0x00000000080029e6                Stm32Can::SetFilterBankMask(int&, int&, unsigned short*)
 .text._ZN8Stm32Can15SetFilterBank29ERiS0_Pm
                0x0000000008002a40       0x38 obj/stm32_can.o
                0x0000000008002a40                Stm32Can::SetFilterBank29(int&, int&, unsigned long*)
 .text._ZN8Stm32Can16ConfigureFiltersEv
                0x0000000008002a78      0x130 obj/stm32_can.o
                0x0000000008002a78                Stm32Can::ConfigureFilters()
 .text._ZN8Stm32CanC2EmN11CanHardware9baudratesEb
                0x0000000008002ba8      0x170 obj/stm32_can.o
                0x0000000008002ba8                Stm32Can::Stm32Can(unsigned long, CanHardware::baudrates, bool)
                0x0000000008002ba8                Stm32Can::Stm32Can(unsigned long, CanHardware::baudrates, bool)
 .text.usb_lp_can_rx0_isr
                0x0000000008002d18       0x10 obj/stm32_can.o
                0x0000000008002d18                usb_lp_can_rx0_isr
 .text.can_rx1_isr
                0x0000000008002d28       0x10 obj/stm32_can.o
                0x0000000008002d28                can_rx1_isr
 .text.usb_hp_can_tx_isr
                0x0000000008002d38        0xe obj/stm32_can.o
                0x0000000008002d38                usb_hp_can_tx_isr
 .text.can2_rx0_isr
                0x0000000008002d46       0x10 obj/stm32_can.o
                0x0000000008002d46                can2_rx0_isr
 .text.can2_rx1_isr
                0x0000000008002d56       0x10 obj/stm32_can.o
                0x0000000008002d56                can2_rx1_isr
 .text.can2_tx_isr
                0x0000000008002d66        0xe obj/stm32_can.o
                0x0000000008002d66                can2_tx_isr
 .text._ZN12NullCallback8HandleRxEmPmh
                0x0000000008002d74        0x2 obj/canhardware.o
                0x0000000008002d74                NullCallback::HandleRx(unsigned long, unsigned long*, unsigned char)
 .text._ZN12NullCallback11HandleClearEv
                0x0000000008002d76        0x2 obj/canhardware.o
                0x0000000008002d76                NullCallback::HandleClear()
 .text._ZN11CanHardwareC2Ev
                0x0000000008002d78       0x2c obj/canhardware.o
                0x0000000008002d78                CanHardware::CanHardware()
                0x0000000008002d78                CanHardware::CanHardware()
 .text._ZN11CanHardware11AddCallbackEP11CanCallback
                0x0000000008002da4       0x1e obj/canhardware.o
                0x0000000008002da4                CanHardware::AddCallback(CanCallback*)
 .text._ZN11CanHardware19RegisterUserMessageEmm
                0x0000000008002dc2       0x46 obj/canhardware.o
                0x0000000008002dc2                CanHardware::RegisterUserMessage(unsigned long, unsigned long)
 .text._ZN11CanHardware17ClearUserMessagesEv
                0x0000000008002e08       0x2c obj/canhardware.o
                0x0000000008002e08                CanHardware::ClearUserMessages()
 .text._ZN11CanHardware8HandleRxEmPmh
                0x0000000008002e34       0x32 obj/canhardware.o
                0x0000000008002e34                CanHardware::HandleRx(unsigned long, unsigned long*, unsigned char)
 .text._ZN6CanMap11HandleClearEv
                0x0000000008002e66       0x32 obj/canmap.o
                0x0000000008002e66                CanMap::HandleClear()
 .text._ZN6CanMap6RemoveEbhh
                0x0000000008002e98       0xa6 obj/canmap.o
                0x0000000008002e98                CanMap::Remove(bool, unsigned char, unsigned char)
 .text._ZN6CanMap6RemoveEN5Param9PARAM_NUME
                0x0000000008002f3e       0x8a obj/canmap.o
                0x0000000008002f3e                CanMap::Remove(Param::PARAM_NUM)
 .text._ZN6CanMap7FindMapEN5Param9PARAM_NUMERmRhRaRfS4_Rb
                0x0000000008002fc8       0xaa obj/canmap.o
                0x0000000008002fc8                CanMap::FindMap(Param::PARAM_NUM, unsigned long&, unsigned char&, signed char&, float&, signed char&, bool&)
 .text._ZN6CanMap6GetMapEbhhRm
                0x0000000008003072       0x6c obj/canmap.o
                0x0000000008003072                CanMap::GetMap(bool, unsigned char, unsigned char, unsigned long&)
 .text._ZN6CanMap13IterateCanMapEPFvN5Param9PARAM_NUMEmhafabE
                0x00000000080030de       0x7a obj/canmap.o
                0x00000000080030de                CanMap::IterateCanMap(void (*)(Param::PARAM_NUM, unsigned long, unsigned char, signed char, float, signed char, bool))
 .text._ZN6CanMap8ClearMapEPNS_8CANIDMAPE
                0x0000000008003158       0x30 obj/canmap.o
                0x0000000008003158                CanMap::ClearMap(CanMap::CANIDMAP*)
 .text._ZN6CanMap5ClearEv
                0x0000000008003188       0x1e obj/canmap.o
                0x0000000008003188                CanMap::Clear()
 .text._ZN6CanMap11SaveToFlashEmPmi
                0x00000000080031a6       0x30 obj/canmap.o
                0x00000000080031a6                CanMap::SaveToFlash(unsigned long, unsigned long*, int)
 .text._ZN6CanMap8FindByIdEPNS_8CANIDMAPEm
                0x00000000080031d6       0x26 obj/canmap.o
                0x00000000080031d6                CanMap::FindById(CanMap::CANIDMAP*, unsigned long)
 .text._ZN6CanMap8HandleRxEmPmh
                0x00000000080031fc      0x134 obj/canmap.o
                0x00000000080031fc                CanMap::HandleRx(unsigned long, unsigned long*, unsigned char)
 .text._ZN6CanMap3AddEPNS_8CANIDMAPEN5Param9PARAM_NUMEmhafa
                0x0000000008003330      0x126 obj/canmap.o
                0x0000000008003330                CanMap::Add(CanMap::CANIDMAP*, Param::PARAM_NUM, unsigned long, unsigned char, signed char, float, signed char)
 .text._ZN6CanMap7AddSendEN5Param9PARAM_NUMEmhafa
                0x0000000008003456       0x32 obj/canmap.o
                0x0000000008003456                CanMap::AddSend(Param::PARAM_NUM, unsigned long, unsigned char, signed char, float, signed char)
 .text._ZN6CanMap7AddRecvEN5Param9PARAM_NUMEmhafa
                0x0000000008003488       0x50 obj/canmap.o
                0x0000000008003488                CanMap::AddRecv(Param::PARAM_NUM, unsigned long, unsigned char, signed char, float, signed char)
 .text._ZN6CanMap15GetFlashAddressEv
                0x00000000080034d8       0x14 obj/canmap.o
                0x00000000080034d8                CanMap::GetFlashAddress()
 .text._ZN6CanMap19LegacyLoadFromFlashEv
                0x00000000080034ec      0x10e obj/canmap.o
                0x00000000080034ec                CanMap::LegacyLoadFromFlash()
 .text._ZN6CanMap21ReplaceParamEnumByUidEPNS_8CANIDMAPE
                0x00000000080035fa       0x42 obj/canmap.o
                0x00000000080035fa                CanMap::ReplaceParamEnumByUid(CanMap::CANIDMAP*)
 .text._ZN6CanMap21ReplaceParamUidByEnumEPNS_8CANIDMAPE
                0x000000000800363c       0x40 obj/canmap.o
                0x000000000800363c                CanMap::ReplaceParamUidByEnum(CanMap::CANIDMAP*)
 .text._ZN6CanMap4SaveEv
                0x000000000800367c       0xbc obj/canmap.o
                0x000000000800367c                CanMap::Save()
 .text._ZN6CanMap13LoadFromFlashEv
                0x0000000008003738       0x66 obj/canmap.o
                0x0000000008003738                CanMap::LoadFromFlash()
 *fill*         0x000000000800379e        0x2 
 .text._ZN6CanMapC2EP11CanHardwareb
                0x00000000080037a0       0x48 obj/canmap.o
                0x00000000080037a0                CanMap::CanMap(CanHardware*, bool)
                0x00000000080037a0                CanMap::CanMap(CanHardware*, bool)
 .text._ZN16TerminalCommands11PrintCanMapEN5Param9PARAM_NUMEmhafab
                0x00000000080037e8       0x80 obj/terminalcommands.o
                0x00000000080037e8                TerminalCommands::PrintCanMap(Param::PARAM_NUM, unsigned long, unsigned char, signed char, float, signed char, bool)
 .text._ZN16TerminalCommands8ParamSetEP8TerminalPc
                0x0000000008003868       0x70 obj/terminalcommands.o
                0x0000000008003868                TerminalCommands::ParamSet(Terminal*, char*)
 .text._ZN16TerminalCommands8ParamGetEP8TerminalPc
                0x00000000080038d8       0x58 obj/terminalcommands.o
                0x00000000080038d8                TerminalCommands::ParamGet(Terminal*, char*)
 .text._ZN16TerminalCommands9ParamFlagEP8TerminalPc
                0x0000000008003930       0xa4 obj/terminalcommands.o
                0x0000000008003930                TerminalCommands::ParamFlag(Terminal*, char*)
 .text._ZN16TerminalCommands15PrintParamsJsonEP8IPutCharPc
                0x00000000080039d4      0x158 obj/terminalcommands.o
                0x00000000080039d4                TerminalCommands::PrintParamsJson(IPutChar*, char*)
 .text._ZN16TerminalCommands6MapCanEP8TerminalPc
                0x0000000008003b2c      0x21c obj/terminalcommands.o
                0x0000000008003b2c                TerminalCommands::MapCan(Terminal*, char*)
 .text._ZN16TerminalCommands14SaveParametersEP8TerminalPc
                0x0000000008003d48       0x4c obj/terminalcommands.o
                0x0000000008003d48                TerminalCommands::SaveParameters(Terminal*, char*)
 .text._ZN16TerminalCommands14LoadParametersEP8TerminalPc
                0x0000000008003d94       0x30 obj/terminalcommands.o
                0x0000000008003d94                TerminalCommands::LoadParameters(Terminal*, char*)
 .text._ZN16TerminalCommands5ResetEP8TerminalPc
                0x0000000008003dc4        0x6 obj/terminalcommands.o
                0x0000000008003dc4                TerminalCommands::Reset(Terminal*, char*)
 .text._ZN16TerminalCommands19ParamNamesToIndexesEPcPN5Param9PARAM_NUMEm
                0x0000000008003dca       0x48 obj/terminalcommands.o
                0x0000000008003dca                TerminalCommands::ParamNamesToIndexes(char*, Param::PARAM_NUM*, unsigned long)
 *fill*         0x0000000008003e12        0x2 
 .text._ZN16TerminalCommands11ParamStreamEP8TerminalPc
                0x0000000008003e14       0xac obj/terminalcommands.o
                0x0000000008003e14                TerminalCommands::ParamStream(Terminal*, char*)
 .text._ZN6BATMan8BatStartEv
                0x0000000008003ec0       0x14 obj/BatMan.o
                0x0000000008003ec0                BATMan::BatStart()
 .text._ZN6BATMan11GetTempDataEv
                0x0000000008003ed4       0xc8 obj/BatMan.o
                0x0000000008003ed4                BATMan::GetTempData()
 .text._ZN6BATMan6WakeUPEv
                0x0000000008003f9c       0x58 obj/BatMan.o
                0x0000000008003f9c                BATMan::WakeUP()
 .text._ZN6BATMan17Generic_Send_OnceEPth
                0x0000000008003ff4       0x40 obj/BatMan.o
                0x0000000008003ff4                BATMan::Generic_Send_Once(unsigned short*, unsigned char)
 .text._ZN6BATMan8IdleWakeEv
                0x0000000008004034       0x28 obj/BatMan.o
                0x0000000008004034                BATMan::IdleWake()
 .text._ZN6BATMan15upDateCellVoltsEv
                0x000000000800405c      0x248 obj/BatMan.o
                0x000000000800405c                BATMan::upDateCellVolts()
 *fill*         0x00000000080042a4        0x4 
 .text._ZN6BATMan14upDateAuxVoltsEv
                0x00000000080042a8      0x2c8 obj/BatMan.o
                0x00000000080042a8                BATMan::upDateAuxVolts()
 .text._ZN6BATMan11upDateTempsEv
                0x0000000008004570      0x1c8 obj/BatMan.o
                0x0000000008004570                BATMan::upDateTemps()
 .text._ZN6BATMan7calcCRCEPhh
                0x0000000008004738       0x2c obj/BatMan.o
                0x0000000008004738                BATMan::calcCRC(unsigned char*, unsigned char)
 .text._ZN6BATMan7GetDataEh
                0x0000000008004764      0x3b4 obj/BatMan.o
                0x0000000008004764                BATMan::GetData(unsigned char)
 .text._ZN6BATMan11crc14_bytesEhPhPt
                0x0000000008004b18       0x40 obj/BatMan.o
                0x0000000008004b18                BATMan::crc14_bytes(unsigned char, unsigned char*, unsigned short*)
 .text._ZN6BATMan10crc14_bitsEhhPt
                0x0000000008004b58       0x40 obj/BatMan.o
                0x0000000008004b58                BATMan::crc14_bits(unsigned char, unsigned char, unsigned short*)
 .text._ZN6BATMan8WriteCfgEv
                0x0000000008004b98      0x11c obj/BatMan.o
                0x0000000008004b98                BATMan::WriteCfg()
 .text._ZN6BATMan12StateMachineEv
                0x0000000008004cb4      0x2d4 obj/BatMan.o
                0x0000000008004cb4                BATMan::StateMachine()
 .text._ZN6BATMan4loopEv
                0x0000000008004f88        0x8 obj/BatMan.o
                0x0000000008004f88                BATMan::loop()
 .text._ZN10CAN_Common6SetCanEP11CanHardware
                0x0000000008004f90        0xc obj/CAN_Common.o
                0x0000000008004f90                CAN_Common::SetCan(CanHardware*)
 *fill*         0x0000000008004f9c        0x4 
 .text._ZN10CAN_Common17StandardCanFramesEv
                0x0000000008004fa0      0x244 obj/CAN_Common.o
                0x0000000008004fa0                CAN_Common::StandardCanFrames()
 .text._ZN10CAN_Common9Task100MsEv
                0x00000000080051e4       0x24 obj/CAN_Common.o
                0x00000000080051e4                CAN_Common::Task100Ms()
 .text._ZN10CAN_Common9HandleCanEPm
                0x0000000008005208        0x2 obj/CAN_Common.o
                0x0000000008005208                CAN_Common::HandleCan(unsigned long*)
 .text._ZN6CanSdo7PutCharEc
                0x000000000800520a       0x1e obj/cansdo.o
                0x000000000800520a                CanSdo::PutChar(char)
 .text._ZThn4_N6CanSdo7PutCharEc
                0x0000000008005228        0x8 obj/cansdo.o
                0x0000000008005228                non-virtual thunk to CanSdo::PutChar(char)
 .text._ZN6CanSdo11HandleClearEv
                0x0000000008005230       0x28 obj/cansdo.o
                0x0000000008005230                CanSdo::HandleClear()
 .text._ZN6CanSdoC2EP11CanHardwareP6CanMap
                0x0000000008005258       0x4c obj/cansdo.o
                0x0000000008005258                CanSdo::CanSdo(CanHardware*, CanMap*)
                0x0000000008005258                CanSdo::CanSdo(CanHardware*, CanMap*)
 .text._ZN6CanSdo9SetNodeIdEh
                0x00000000080052a4        0xc obj/cansdo.o
                0x00000000080052a4                CanSdo::SetNodeId(unsigned char)
 .text._ZN6CanSdo24ProcessSpecialSDOObjectsEPNS_7CAN_SDOE
                0x00000000080052b0      0x124 obj/cansdo.o
                0x00000000080052b0                CanSdo::ProcessSpecialSDOObjects(CanSdo::CAN_SDO*)
 .text._ZN6CanSdo18ReadOrDeleteCanMapEPNS_7CAN_SDOE
                0x00000000080053d4       0xdc obj/cansdo.o
                0x00000000080053d4                CanSdo::ReadOrDeleteCanMap(CanSdo::CAN_SDO*)
 .text._ZN6CanSdo9AddCanMapEPNS_7CAN_SDOEb
                0x00000000080054b0       0xf8 obj/cansdo.o
                0x00000000080054b0                CanSdo::AddCanMap(CanSdo::CAN_SDO*, bool)
 .text._ZN6CanSdo10ProcessSDOEPm
                0x00000000080055a8      0x130 obj/cansdo.o
                0x00000000080055a8                CanSdo::ProcessSDO(unsigned long*)
 .text._ZN6CanSdo8HandleRxEmPmh
                0x00000000080056d8       0x32 obj/cansdo.o
                0x00000000080056d8                CanSdo::HandleRx(unsigned long, unsigned long*, unsigned char)
 *fill*         0x000000000800570a        0x2 
 .text._ZN7BMSUtil22EstimateSocFromVoltageEv
                0x000000000800570c       0x80 obj/BMSUtil.o
                0x000000000800570c                BMSUtil::EstimateSocFromVoltage()
 .text._ZN7BMSUtil9UpdateSOCEv
                0x000000000800578c       0xdc obj/BMSUtil.o
                0x000000000800578c                BMSUtil::UpdateSOC()
 .text._ZN7BMSUtil10ProcessUdcEv
                0x0000000008005868       0xfc obj/BMSUtil.o
                0x0000000008005868                BMSUtil::ProcessUdc()
 .text._ZN6MAXbms8Task10MsEv
                0x0000000008005964        0x2 obj/MAXbms.o
                0x0000000008005964                MAXbms::Task10Ms()
 *fill*         0x0000000008005966        0x2 
 .text._ZN6MAXbms12clearBuffersEv
                0x0000000008005968       0x90 obj/MAXbms.o
                0x0000000008005968                MAXbms::clearBuffers()
 .text._ZN6MAXbms13transmitQueueEv
                0x00000000080059f8       0x68 obj/MAXbms.o
                0x00000000080059f8                MAXbms::transmitQueue()
 .text._ZN6MAXbms18receiveBufferErrorEv
                0x0000000008005a60       0x60 obj/MAXbms.o
                0x0000000008005a60                MAXbms::receiveBufferError()
 .text._ZN6MAXbms14daisyChainInitEv
                0x0000000008005ac0      0x254 obj/MAXbms.o
                0x0000000008005ac0                MAXbms::daisyChainInit()
 .text._ZN6MAXbms16storeCellVoltageEhPh
                0x0000000008005d14       0x80 obj/MAXbms.o
                0x0000000008005d14                MAXbms::storeCellVoltage(unsigned char, unsigned char*)
 .text._ZN6MAXbms20storeCellTemperatureEhPh
                0x0000000008005d94      0x100 obj/MAXbms.o
                0x0000000008005d94                MAXbms::storeCellTemperature(unsigned char, unsigned char*)
 .text._ZN6MAXbms19storeDieTemperatureEPh
                0x0000000008005e94       0x68 obj/MAXbms.o
                0x0000000008005e94                MAXbms::storeDieTemperature(unsigned char*)
 .text._ZN6MAXbms14checkDataReadyEPh
                0x0000000008005efc       0x34 obj/MAXbms.o
                0x0000000008005efc                MAXbms::checkDataReady(unsigned char*)
 .text._ZN6MAXbms12calculatePECEPhh
                0x0000000008005f30       0x32 obj/MAXbms.o
                0x0000000008005f30                MAXbms::calculatePEC(unsigned char*, unsigned char)
 .text._ZN6MAXbms7lowByteEi
                0x0000000008005f62        0x4 obj/MAXbms.o
                0x0000000008005f62                MAXbms::lowByte(int)
 .text._ZN6MAXbms8highByteEi
                0x0000000008005f66        0x6 obj/MAXbms.o
                0x0000000008005f66                MAXbms::highByte(int)
 .text._ZN6MAXbms14writeAllSlavesEhtb
                0x0000000008005f6c      0x160 obj/MAXbms.o
                0x0000000008005f6c                MAXbms::writeAllSlaves(unsigned char, unsigned short, bool)
 .text._ZN6MAXbms13readAllSlavesEhb
                0x00000000080060cc      0x20c obj/MAXbms.o
                0x00000000080060cc                MAXbms::readAllSlaves(unsigned char, bool)
 .text._ZN6MAXbms8readDataEv
                0x00000000080062d8       0x32 obj/MAXbms.o
                0x00000000080062d8                MAXbms::readData()
 *fill*         0x000000000800630a        0x2 
 .text._ZN6MAXbms15measureCellDataEv
                0x000000000800630c       0x6c obj/MAXbms.o
                0x000000000800630c                MAXbms::measureCellData()
 .text._ZN6MAXbms11setupSlavesEv
                0x0000000008006378       0x54 obj/MAXbms.o
                0x0000000008006378                MAXbms::setupSlaves()
 .text._ZN6MAXbms8MaxStartEv
                0x00000000080063cc       0x34 obj/MAXbms.o
                0x00000000080063cc                MAXbms::MaxStart()
 .text._ZN6MAXbms11UpdateStatsEv
                0x0000000008006400      0x160 obj/MAXbms.o
                0x0000000008006400                MAXbms::UpdateStats()
 .text._ZN6MAXbms9Task100MsEv
                0x0000000008006560       0x70 obj/MAXbms.o
                0x0000000008006560                MAXbms::Task100Ms()
 .text._ZN3ISA19RegisterCanMessagesEP11CanHardware
                0x00000000080065d0       0x64 obj/isa_shunt.o
                0x00000000080065d0                ISA::RegisterCanMessages(CanHardware*)
 .text._ZN3ISA9handle521EPm
                0x0000000008006634       0x20 obj/isa_shunt.o
                0x0000000008006634                ISA::handle521(unsigned long*)
 .text._ZN3ISA9handle522EPm
                0x0000000008006654       0x20 obj/isa_shunt.o
                0x0000000008006654                ISA::handle522(unsigned long*)
 .text._ZN3ISA9handle523EPm
                0x0000000008006674       0x20 obj/isa_shunt.o
                0x0000000008006674                ISA::handle523(unsigned long*)
 .text._ZN3ISA9handle524EPm
                0x0000000008006694       0x20 obj/isa_shunt.o
                0x0000000008006694                ISA::handle524(unsigned long*)
 .text._ZN3ISA9handle525EPm
                0x00000000080066b4       0x3c obj/isa_shunt.o
                0x00000000080066b4                ISA::handle525(unsigned long*)
 .text._ZN3ISA9handle526EPm
                0x00000000080066f0       0x20 obj/isa_shunt.o
                0x00000000080066f0                ISA::handle526(unsigned long*)
 .text._ZN3ISA9handle527EPm
                0x0000000008006710       0x20 obj/isa_shunt.o
                0x0000000008006710                ISA::handle527(unsigned long*)
 .text._ZN3ISA9handle528EPm
                0x0000000008006730       0x20 obj/isa_shunt.o
                0x0000000008006730                ISA::handle528(unsigned long*)
 .text._ZN3ISA9DecodeCANEiPm
                0x0000000008006750       0x4a obj/isa_shunt.o
                0x0000000008006750                ISA::DecodeCAN(int, unsigned long*)
 .text.adc_power_on
                0x000000000800679a       0x10 libopencm3/lib/libopencm3_stm32f1.a(adc.o)
                0x000000000800679a                adc_power_on
 *fill*         0x00000000080067aa        0x2 
 .text.adc_enable_temperature_sensor
                0x00000000080067ac       0x14 libopencm3/lib/libopencm3_stm32f1.a(adc.o)
                0x00000000080067ac                adc_enable_temperature_sensor
 .text.adc_enable_external_trigger_regular
                0x00000000080067c0       0x14 libopencm3/lib/libopencm3_stm32f1.a(adc.o)
                0x00000000080067c0                adc_enable_external_trigger_regular
 .text.adc_reset_calibration
                0x00000000080067d4       0x14 libopencm3/lib/libopencm3_stm32f1.a(adc.o)
                0x00000000080067d4                adc_reset_calibration
 .text.adc_calibrate_async
                0x00000000080067e8        0xa libopencm3/lib/libopencm3_stm32f1.a(adc.o)
                0x00000000080067e8                adc_calibrate_async
 .text.adc_is_calibrating
                0x00000000080067f2        0x8 libopencm3/lib/libopencm3_stm32f1.a(adc.o)
                0x00000000080067f2                adc_is_calibrating
 .text.adc_calibrate
                0x00000000080067fa       0x14 libopencm3/lib/libopencm3_stm32f1.a(adc.o)
                0x00000000080067fa                adc_calibrate
 .text.adc_set_sample_time_on_all_channels
                0x000000000800680e       0x2a libopencm3/lib/libopencm3_stm32f1.a(adc.o)
                0x000000000800680e                adc_set_sample_time_on_all_channels
 .text.adc_power_off
                0x0000000008006838        0xa libopencm3/lib/libopencm3_stm32f1.a(adc_common_v1.o)
                0x0000000008006838                adc_power_off
 .text.adc_enable_scan_mode
                0x0000000008006842        0xa libopencm3/lib/libopencm3_stm32f1.a(adc_common_v1.o)
                0x0000000008006842                adc_enable_scan_mode
 .text.adc_set_right_aligned
                0x000000000800684c        0xa libopencm3/lib/libopencm3_stm32f1.a(adc_common_v1.o)
                0x000000000800684c                adc_set_right_aligned
 .text.adc_set_continuous_conversion_mode
                0x0000000008006856        0xa libopencm3/lib/libopencm3_stm32f1.a(adc_common_v1.o)
                0x0000000008006856                adc_set_continuous_conversion_mode
 .text.adc_set_regular_sequence
                0x0000000008006860       0x5e libopencm3/lib/libopencm3_stm32f1.a(adc_common_v1.o)
                0x0000000008006860                adc_set_regular_sequence
 .text.adc_start_conversion_regular
                0x00000000080068be       0x14 libopencm3/lib/libopencm3_stm32f1.a(adc_common_v1.o)
                0x00000000080068be                adc_start_conversion_regular
 .text.adc_enable_dma
                0x00000000080068d2        0xa libopencm3/lib/libopencm3_stm32f1.a(adc_common_v1.o)
                0x00000000080068d2                adc_enable_dma
 .text.can_reset
                0x00000000080068dc       0x18 libopencm3/lib/libopencm3_stm32f1.a(can.o)
                0x00000000080068dc                can_reset
 .text.can_init
                0x00000000080068f4      0x12a libopencm3/lib/libopencm3_stm32f1.a(can.o)
                0x00000000080068f4                can_init
 *fill*         0x0000000008006a1e        0x2 
 .text.can_filter_init
                0x0000000008006a20       0x9c libopencm3/lib/libopencm3_stm32f1.a(can.o)
                0x0000000008006a20                can_filter_init
 .text.can_filter_id_mask_16bit_init
                0x0000000008006abc       0x20 libopencm3/lib/libopencm3_stm32f1.a(can.o)
                0x0000000008006abc                can_filter_id_mask_16bit_init
 .text.can_filter_id_list_16bit_init
                0x0000000008006adc       0x20 libopencm3/lib/libopencm3_stm32f1.a(can.o)
                0x0000000008006adc                can_filter_id_list_16bit_init
 .text.can_filter_id_list_32bit_init
                0x0000000008006afc       0x1a libopencm3/lib/libopencm3_stm32f1.a(can.o)
                0x0000000008006afc                can_filter_id_list_32bit_init
 .text.can_enable_irq
                0x0000000008006b16        0x8 libopencm3/lib/libopencm3_stm32f1.a(can.o)
                0x0000000008006b16                can_enable_irq
 .text.can_disable_irq
                0x0000000008006b1e        0xa libopencm3/lib/libopencm3_stm32f1.a(can.o)
                0x0000000008006b1e                can_disable_irq
 .text.can_transmit
                0x0000000008006b28       0xca libopencm3/lib/libopencm3_stm32f1.a(can.o)
                0x0000000008006b28                can_transmit
 .text.can_fifo_release
                0x0000000008006bf2       0x16 libopencm3/lib/libopencm3_stm32f1.a(can.o)
                0x0000000008006bf2                can_fifo_release
 .text.can_fifo_pending
                0x0000000008006c08        0xe libopencm3/lib/libopencm3_stm32f1.a(can.o)
                0x0000000008006c08                can_fifo_pending
 .text.can_receive
                0x0000000008006c16       0xae libopencm3/lib/libopencm3_stm32f1.a(can.o)
                0x0000000008006c16                can_receive
 .text.crc_reset
                0x0000000008006cc4       0x10 libopencm3/lib/libopencm3_stm32f1.a(crc_common_all.o)
                0x0000000008006cc4                crc_reset
 .text.crc_calculate
                0x0000000008006cd4        0xc libopencm3/lib/libopencm3_stm32f1.a(crc_common_all.o)
                0x0000000008006cd4                crc_calculate
 .text.crc_calculate_block
                0x0000000008006ce0       0x1c libopencm3/lib/libopencm3_stm32f1.a(crc_common_all.o)
                0x0000000008006ce0                crc_calculate_block
 .text.desig_get_flash_size
                0x0000000008006cfc        0xc libopencm3/lib/libopencm3_stm32f1.a(desig_common_v1.o)
                0x0000000008006cfc                desig_get_flash_size
 .text.dma_channel_reset
                0x0000000008006d08       0x22 libopencm3/lib/libopencm3_stm32f1.a(dma_common_l1f013.o)
                0x0000000008006d08                dma_channel_reset
 .text.dma_clear_interrupt_flags
                0x0000000008006d2a        0xc libopencm3/lib/libopencm3_stm32f1.a(dma_common_l1f013.o)
                0x0000000008006d2a                dma_clear_interrupt_flags
 .text.dma_get_interrupt_flag
                0x0000000008006d36       0x14 libopencm3/lib/libopencm3_stm32f1.a(dma_common_l1f013.o)
                0x0000000008006d36                dma_get_interrupt_flag
 .text.dma_set_memory_size
                0x0000000008006d4a       0x1a libopencm3/lib/libopencm3_stm32f1.a(dma_common_l1f013.o)
                0x0000000008006d4a                dma_set_memory_size
 .text.dma_set_peripheral_size
                0x0000000008006d64       0x1a libopencm3/lib/libopencm3_stm32f1.a(dma_common_l1f013.o)
                0x0000000008006d64                dma_set_peripheral_size
 .text.dma_enable_memory_increment_mode
                0x0000000008006d7e       0x12 libopencm3/lib/libopencm3_stm32f1.a(dma_common_l1f013.o)
                0x0000000008006d7e                dma_enable_memory_increment_mode
 .text.dma_enable_circular_mode
                0x0000000008006d90       0x1a libopencm3/lib/libopencm3_stm32f1.a(dma_common_l1f013.o)
                0x0000000008006d90                dma_enable_circular_mode
 .text.dma_set_read_from_memory
                0x0000000008006daa       0x12 libopencm3/lib/libopencm3_stm32f1.a(dma_common_l1f013.o)
                0x0000000008006daa                dma_set_read_from_memory
 .text.dma_enable_channel
                0x0000000008006dbc       0x12 libopencm3/lib/libopencm3_stm32f1.a(dma_common_l1f013.o)
                0x0000000008006dbc                dma_enable_channel
 .text.dma_disable_channel
                0x0000000008006dce       0x12 libopencm3/lib/libopencm3_stm32f1.a(dma_common_l1f013.o)
                0x0000000008006dce                dma_disable_channel
 .text.dma_set_peripheral_address
                0x0000000008006de0       0x12 libopencm3/lib/libopencm3_stm32f1.a(dma_common_l1f013.o)
                0x0000000008006de0                dma_set_peripheral_address
 .text.dma_set_memory_address
                0x0000000008006df2       0x12 libopencm3/lib/libopencm3_stm32f1.a(dma_common_l1f013.o)
                0x0000000008006df2                dma_set_memory_address
 .text.dma_get_number_of_data
                0x0000000008006e04        0xe libopencm3/lib/libopencm3_stm32f1.a(dma_common_l1f013.o)
                0x0000000008006e04                dma_get_number_of_data
 .text.dma_set_number_of_data
                0x0000000008006e12        0xc libopencm3/lib/libopencm3_stm32f1.a(dma_common_l1f013.o)
                0x0000000008006e12                dma_set_number_of_data
 *fill*         0x0000000008006e1e        0x2 
 .text.flash_get_status_flags
                0x0000000008006e20       0x20 libopencm3/lib/libopencm3_stm32f1.a(flash.o)
                0x0000000008006e20                flash_get_status_flags
 .text.flash_program_half_word
                0x0000000008006e40       0x64 libopencm3/lib/libopencm3_stm32f1.a(flash.o)
                0x0000000008006e40                flash_program_half_word
 .text.flash_erase_page
                0x0000000008006ea4       0x74 libopencm3/lib/libopencm3_stm32f1.a(flash.o)
                0x0000000008006ea4                flash_erase_page
 .text.flash_set_ws
                0x0000000008006f18       0x14 libopencm3/lib/libopencm3_stm32f1.a(flash_common_all.o)
                0x0000000008006f18                flash_set_ws
 .text.flash_unlock
                0x0000000008006f2c       0x18 libopencm3/lib/libopencm3_stm32f1.a(flash_common_f.o)
                0x0000000008006f2c                flash_unlock
 .text.flash_lock
                0x0000000008006f44       0x10 libopencm3/lib/libopencm3_stm32f1.a(flash_common_f.o)
                0x0000000008006f44                flash_lock
 .text.flash_wait_for_last_operation
                0x0000000008006f54        0xc libopencm3/lib/libopencm3_stm32f1.a(flash_common_f01.o)
                0x0000000008006f54                flash_wait_for_last_operation
 .text.flash_program_word
                0x0000000008006f60       0x18 libopencm3/lib/libopencm3_stm32f1.a(flash_common_f01.o)
                0x0000000008006f60                flash_program_word
 .text.gpio_set_mode
                0x0000000008006f78       0x5e libopencm3/lib/libopencm3_stm32f1.a(gpio.o)
                0x0000000008006f78                gpio_set_mode
 *fill*         0x0000000008006fd6        0x2 
 .text.gpio_primary_remap
                0x0000000008006fd8       0x14 libopencm3/lib/libopencm3_stm32f1.a(gpio.o)
                0x0000000008006fd8                gpio_primary_remap
 .text.gpio_set
                0x0000000008006fec        0x4 libopencm3/lib/libopencm3_stm32f1.a(gpio_common_all.o)
                0x0000000008006fec                gpio_set
 .text.gpio_clear
                0x0000000008006ff0        0x6 libopencm3/lib/libopencm3_stm32f1.a(gpio_common_all.o)
                0x0000000008006ff0                gpio_clear
 .text.gpio_toggle
                0x0000000008006ff6       0x12 libopencm3/lib/libopencm3_stm32f1.a(gpio_common_all.o)
                0x0000000008006ff6                gpio_toggle
 .text.iwdg_reset
                0x0000000008007008       0x10 libopencm3/lib/libopencm3_stm32f1.a(iwdg_common_all.o)
                0x0000000008007008                iwdg_reset
 .text.rcc_is_osc_ready
                0x0000000008007018       0x58 libopencm3/lib/libopencm3_stm32f1.a(rcc.o)
                0x0000000008007018                rcc_is_osc_ready
 .text.rcc_wait_for_osc_ready
                0x0000000008007070       0x10 libopencm3/lib/libopencm3_stm32f1.a(rcc.o)
                0x0000000008007070                rcc_wait_for_osc_ready
 .text.rcc_osc_on
                0x0000000008007080       0x60 libopencm3/lib/libopencm3_stm32f1.a(rcc.o)
                0x0000000008007080                rcc_osc_on
 .text.rcc_set_sysclk_source
                0x00000000080070e0       0x14 libopencm3/lib/libopencm3_stm32f1.a(rcc.o)
                0x00000000080070e0                rcc_set_sysclk_source
 .text.rcc_set_pll_multiplication_factor
                0x00000000080070f4       0x14 libopencm3/lib/libopencm3_stm32f1.a(rcc.o)
                0x00000000080070f4                rcc_set_pll_multiplication_factor
 .text.rcc_set_pll2_multiplication_factor
                0x0000000008007108       0x14 libopencm3/lib/libopencm3_stm32f1.a(rcc.o)
                0x0000000008007108                rcc_set_pll2_multiplication_factor
 .text.rcc_set_pll3_multiplication_factor
                0x000000000800711c       0x14 libopencm3/lib/libopencm3_stm32f1.a(rcc.o)
                0x000000000800711c                rcc_set_pll3_multiplication_factor
 .text.rcc_set_pll_source
                0x0000000008007130       0x14 libopencm3/lib/libopencm3_stm32f1.a(rcc.o)
                0x0000000008007130                rcc_set_pll_source
 .text.rcc_set_pllxtpre
                0x0000000008007144       0x14 libopencm3/lib/libopencm3_stm32f1.a(rcc.o)
                0x0000000008007144                rcc_set_pllxtpre
 .text.rcc_rtc_clock_enabled_flag
                0x0000000008007158       0x10 libopencm3/lib/libopencm3_stm32f1.a(rcc.o)
                0x0000000008007158                rcc_rtc_clock_enabled_flag
 .text.rcc_enable_rtc_clock
                0x0000000008007168       0x10 libopencm3/lib/libopencm3_stm32f1.a(rcc.o)
                0x0000000008007168                rcc_enable_rtc_clock
 .text.rcc_set_rtc_clock_source
                0x0000000008007178       0x84 libopencm3/lib/libopencm3_stm32f1.a(rcc.o)
                0x0000000008007178                rcc_set_rtc_clock_source
 .text.rcc_set_adcpre
                0x00000000080071fc       0x14 libopencm3/lib/libopencm3_stm32f1.a(rcc.o)
                0x00000000080071fc                rcc_set_adcpre
 .text.rcc_set_ppre2
                0x0000000008007210       0x14 libopencm3/lib/libopencm3_stm32f1.a(rcc.o)
                0x0000000008007210                rcc_set_ppre2
 .text.rcc_set_ppre1
                0x0000000008007224       0x14 libopencm3/lib/libopencm3_stm32f1.a(rcc.o)
                0x0000000008007224                rcc_set_ppre1
 .text.rcc_set_hpre
                0x0000000008007238       0x14 libopencm3/lib/libopencm3_stm32f1.a(rcc.o)
                0x0000000008007238                rcc_set_hpre
 .text.rcc_set_usbpre
                0x000000000800724c       0x18 libopencm3/lib/libopencm3_stm32f1.a(rcc.o)
                0x000000000800724c                rcc_set_usbpre
 .text.rcc_set_prediv1
                0x0000000008007264       0x14 libopencm3/lib/libopencm3_stm32f1.a(rcc.o)
                0x0000000008007264                rcc_set_prediv1
 .text.rcc_set_prediv2
                0x0000000008007278       0x14 libopencm3/lib/libopencm3_stm32f1.a(rcc.o)
                0x0000000008007278                rcc_set_prediv2
 .text.rcc_set_prediv1_source
                0x000000000800728c       0x18 libopencm3/lib/libopencm3_stm32f1.a(rcc.o)
                0x000000000800728c                rcc_set_prediv1_source
 .text.rcc_clock_setup_pll
                0x00000000080072a4       0xbc libopencm3/lib/libopencm3_stm32f1.a(rcc.o)
                0x00000000080072a4                rcc_clock_setup_pll
 .text.rcc_periph_clock_enable
                0x0000000008007360       0x1c libopencm3/lib/libopencm3_stm32f1.a(rcc_common_all.o)
                0x0000000008007360                rcc_periph_clock_enable
 .text.rcc_periph_reset_pulse
                0x000000000800737c       0x24 libopencm3/lib/libopencm3_stm32f1.a(rcc_common_all.o)
                0x000000000800737c                rcc_periph_reset_pulse
 .text.rtc_enter_config_mode
                0x00000000080073a0       0x1c libopencm3/lib/libopencm3_stm32f1.a(rtc.o)
                0x00000000080073a0                rtc_enter_config_mode
 .text.rtc_exit_config_mode
                0x00000000080073bc       0x1c libopencm3/lib/libopencm3_stm32f1.a(rtc.o)
                0x00000000080073bc                rtc_exit_config_mode
 .text.rtc_awake_from_off
                0x00000000080073d8       0x6c libopencm3/lib/libopencm3_stm32f1.a(rtc.o)
                0x00000000080073d8                rtc_awake_from_off
 .text.rtc_set_prescale_val
                0x0000000008007444       0x24 libopencm3/lib/libopencm3_stm32f1.a(rtc.o)
                0x0000000008007444                rtc_set_prescale_val
 .text.rtc_get_counter_val
                0x0000000008007468       0x14 libopencm3/lib/libopencm3_stm32f1.a(rtc.o)
                0x0000000008007468                rtc_get_counter_val
 .text.rtc_set_counter_val
                0x000000000800747c       0x20 libopencm3/lib/libopencm3_stm32f1.a(rtc.o)
                0x000000000800747c                rtc_set_counter_val
 .text.rtc_awake_from_standby
                0x000000000800749c       0x3c libopencm3/lib/libopencm3_stm32f1.a(rtc.o)
                0x000000000800749c                rtc_awake_from_standby
 .text.rtc_auto_awake
                0x00000000080074d8       0x34 libopencm3/lib/libopencm3_stm32f1.a(rtc.o)
                0x00000000080074d8                rtc_auto_awake
 .text.spi_enable
                0x000000000800750c        0xa libopencm3/lib/libopencm3_stm32f1.a(spi_common_all.o)
                0x000000000800750c                spi_enable
 .text.spi_xfer
                0x0000000008007516        0xe libopencm3/lib/libopencm3_stm32f1.a(spi_common_all.o)
                0x0000000008007516                spi_xfer
 .text.spi_enable_software_slave_management
                0x0000000008007524       0x12 libopencm3/lib/libopencm3_stm32f1.a(spi_common_all.o)
                0x0000000008007524                spi_enable_software_slave_management
 .text.spi_set_nss_high
                0x0000000008007536        0xa libopencm3/lib/libopencm3_stm32f1.a(spi_common_all.o)
                0x0000000008007536                spi_set_nss_high
 .text.spi_set_standard_mode
                0x0000000008007540       0x10 libopencm3/lib/libopencm3_stm32f1.a(spi_common_all.o)
                0x0000000008007540                spi_set_standard_mode
 .text.spi_init_master
                0x0000000008007550       0x28 libopencm3/lib/libopencm3_stm32f1.a(spi_common_v1.o)
                0x0000000008007550                spi_init_master
 .text.timer_enable_irq
                0x0000000008007578        0x8 libopencm3/lib/libopencm3_stm32f1.a(timer_common_all.o)
                0x0000000008007578                timer_enable_irq
 .text.timer_get_flag
                0x0000000008007580        0xc libopencm3/lib/libopencm3_stm32f1.a(timer_common_all.o)
                0x0000000008007580                timer_get_flag
 .text.timer_clear_flag
                0x000000000800758c        0x6 libopencm3/lib/libopencm3_stm32f1.a(timer_common_all.o)
                0x000000000800758c                timer_clear_flag
 .text.timer_enable_preload
                0x0000000008007592        0xa libopencm3/lib/libopencm3_stm32f1.a(timer_common_all.o)
                0x0000000008007592                timer_enable_preload
 .text.timer_direction_up
                0x000000000800759c        0xa libopencm3/lib/libopencm3_stm32f1.a(timer_common_all.o)
                0x000000000800759c                timer_direction_up
 .text.timer_enable_counter
                0x00000000080075a6        0xa libopencm3/lib/libopencm3_stm32f1.a(timer_common_all.o)
                0x00000000080075a6                timer_enable_counter
 .text.timer_disable_counter
                0x00000000080075b0        0xa libopencm3/lib/libopencm3_stm32f1.a(timer_common_all.o)
                0x00000000080075b0                timer_disable_counter
 .text.timer_set_prescaler
                0x00000000080075ba        0x4 libopencm3/lib/libopencm3_stm32f1.a(timer_common_all.o)
                0x00000000080075ba                timer_set_prescaler
 .text.timer_set_period
                0x00000000080075be        0x4 libopencm3/lib/libopencm3_stm32f1.a(timer_common_all.o)
                0x00000000080075be                timer_set_period
 .text.timer_set_oc_mode
                0x00000000080075c2      0x18c libopencm3/lib/libopencm3_stm32f1.a(timer_common_all.o)
                0x00000000080075c2                timer_set_oc_mode
 .text.timer_set_oc_value
                0x000000000800774e       0x20 libopencm3/lib/libopencm3_stm32f1.a(timer_common_all.o)
                0x000000000800774e                timer_set_oc_value
 .text.timer_get_counter
                0x000000000800776e        0x4 libopencm3/lib/libopencm3_stm32f1.a(timer_common_all.o)
                0x000000000800776e                timer_get_counter
 .text.timer_set_counter
                0x0000000008007772        0x4 libopencm3/lib/libopencm3_stm32f1.a(timer_common_all.o)
                0x0000000008007772                timer_set_counter
 *fill*         0x0000000008007776        0x2 
 .text.usart_set_baudrate
                0x0000000008007778       0x28 libopencm3/lib/libopencm3_stm32f1.a(usart_common_all.o)
                0x0000000008007778                usart_set_baudrate
 .text.usart_set_databits
                0x00000000080077a0       0x12 libopencm3/lib/libopencm3_stm32f1.a(usart_common_all.o)
                0x00000000080077a0                usart_set_databits
 .text.usart_set_stopbits
                0x00000000080077b2        0xc libopencm3/lib/libopencm3_stm32f1.a(usart_common_all.o)
                0x00000000080077b2                usart_set_stopbits
 .text.usart_set_parity
                0x00000000080077be        0xc libopencm3/lib/libopencm3_stm32f1.a(usart_common_all.o)
                0x00000000080077be                usart_set_parity
 .text.usart_set_mode
                0x00000000080077ca        0xc libopencm3/lib/libopencm3_stm32f1.a(usart_common_all.o)
                0x00000000080077ca                usart_set_mode
 .text.usart_set_flow_control
                0x00000000080077d6        0xc libopencm3/lib/libopencm3_stm32f1.a(usart_common_all.o)
                0x00000000080077d6                usart_set_flow_control
 .text.usart_enable
                0x00000000080077e2        0xa libopencm3/lib/libopencm3_stm32f1.a(usart_common_all.o)
                0x00000000080077e2                usart_enable
 .text.usart_send_blocking
                0x00000000080077ec       0x16 libopencm3/lib/libopencm3_stm32f1.a(usart_common_all.o)
                0x00000000080077ec                usart_send_blocking
 .text.usart_enable_rx_dma
                0x0000000008007802        0xa libopencm3/lib/libopencm3_stm32f1.a(usart_common_all.o)
                0x0000000008007802                usart_enable_rx_dma
 .text.usart_enable_tx_dma
                0x000000000800780c        0xa libopencm3/lib/libopencm3_stm32f1.a(usart_common_all.o)
                0x000000000800780c                usart_enable_tx_dma
 .text.usart_send
                0x0000000008007816        0x8 libopencm3/lib/libopencm3_stm32f1.a(usart_common_f124.o)
                0x0000000008007816                usart_send
 .text.usart_recv
                0x000000000800781e        0x8 libopencm3/lib/libopencm3_stm32f1.a(usart_common_f124.o)
                0x000000000800781e                usart_recv
 .text.usart_wait_send_ready
                0x0000000008007826        0x8 libopencm3/lib/libopencm3_stm32f1.a(usart_common_f124.o)
                0x0000000008007826                usart_wait_send_ready
 .text.usart_get_flag
                0x000000000800782e        0xc libopencm3/lib/libopencm3_stm32f1.a(usart_common_f124.o)
                0x000000000800782e                usart_get_flag
 .text.blocking_handler
                0x000000000800783a        0x2 libopencm3/lib/libopencm3_stm32f1.a(vector.o)
                0x000000000800783a                usart3_isr
                0x000000000800783a                rtc_isr
                0x000000000800783a                tim7_isr
                0x000000000800783a                adc1_2_isr
                0x000000000800783a                tim1_trg_com_isr
                0x000000000800783a                tim6_isr
                0x000000000800783a                usb_wakeup_isr
                0x000000000800783a                blocking_handler
                0x000000000800783a                tim5_isr
                0x000000000800783a                otg_fs_isr
                0x000000000800783a                spi1_isr
                0x000000000800783a                exti2_isr
                0x000000000800783a                dma1_channel6_isr
                0x000000000800783a                dma1_channel5_isr
                0x000000000800783a                dma2_channel5_isr
                0x000000000800783a                usart1_isr
                0x000000000800783a                usage_fault_handler
                0x000000000800783a                tim8_trg_com_isr
                0x000000000800783a                tim1_brk_isr
                0x000000000800783a                tim1_cc_isr
                0x000000000800783a                sdio_isr
                0x000000000800783a                eth_isr
                0x000000000800783a                dma1_channel4_isr
                0x000000000800783a                tim8_brk_isr
                0x000000000800783a                dma2_channel4_5_isr
                0x000000000800783a                pvd_isr
                0x000000000800783a                rcc_isr
                0x000000000800783a                flash_isr
                0x000000000800783a                uart4_isr
                0x000000000800783a                rtc_alarm_isr
                0x000000000800783a                exti15_10_isr
                0x000000000800783a                hard_fault_handler
                0x000000000800783a                exti1_isr
                0x000000000800783a                i2c1_ev_isr
                0x000000000800783a                dma2_channel1_isr
                0x000000000800783a                spi2_isr
                0x000000000800783a                tim8_up_isr
                0x000000000800783a                dma2_channel2_isr
                0x000000000800783a                exti3_isr
                0x000000000800783a                adc3_isr
                0x000000000800783a                tim3_isr
                0x000000000800783a                usart2_isr
                0x000000000800783a                i2c2_er_isr
                0x000000000800783a                i2c2_ev_isr
                0x000000000800783a                uart5_isr
                0x000000000800783a                fsmc_isr
                0x000000000800783a                dma1_channel1_isr
                0x000000000800783a                exti4_isr
                0x000000000800783a                mem_manage_handler
                0x000000000800783a                exti9_5_isr
                0x000000000800783a                dma2_channel3_isr
                0x000000000800783a                dma1_channel7_isr
                0x000000000800783a                tim1_up_isr
                0x000000000800783a                can2_sce_isr
                0x000000000800783a                tim4_isr
                0x000000000800783a                dma1_channel2_isr
                0x000000000800783a                i2c1_er_isr
                0x000000000800783a                can_sce_isr
                0x000000000800783a                tim8_cc_isr
                0x000000000800783a                tamper_isr
                0x000000000800783a                eth_wkup_isr
                0x000000000800783a                bus_fault_handler
                0x000000000800783a                wwdg_isr
                0x000000000800783a                dma1_channel3_isr
                0x000000000800783a                spi3_isr
                0x000000000800783a                exti0_isr
 .text.null_handler
                0x000000000800783c        0x2 libopencm3/lib/libopencm3_stm32f1.a(vector.o)
                0x000000000800783c                null_handler
                0x000000000800783c                sv_call_handler
                0x000000000800783c                pend_sv_handler
                0x000000000800783c                debug_monitor_handler
                0x000000000800783c                sys_tick_handler
                0x000000000800783c                nmi_handler
 *fill*         0x000000000800783e        0x2 
 .text.reset_handler
                0x0000000008007840       0xc8 libopencm3/lib/libopencm3_stm32f1.a(vector.o)
                0x0000000008007840                reset_handler
 .text.scb_reset_system
                0x0000000008007908       0x10 libopencm3/lib/libopencm3_stm32f1.a(scb.o)
                0x0000000008007908                scb_reset_system
 .text.nvic_enable_irq
                0x0000000008007918       0x1a libopencm3/lib/libopencm3_stm32f1.a(nvic.o)
                0x0000000008007918                nvic_enable_irq
 *fill*         0x0000000008007932        0x2 
 .text.nvic_set_priority
                0x0000000008007934       0x20 libopencm3/lib/libopencm3_stm32f1.a(nvic.o)
                0x0000000008007934                nvic_set_priority
 .text.pwr_disable_backup_domain_write_protect
                0x0000000008007954       0x10 libopencm3/lib/libopencm3_stm32f1.a(pwr_common_v1.o)
                0x0000000008007954                pwr_disable_backup_domain_write_protect
 .text          0x0000000008007964      0x378 /usr/lib/gcc/arm-none-eabi/10.2.0/thumb/v7/nofp/libgcc.a(_arm_addsubdf3.o)
                0x0000000008007964                __aeabi_drsub
                0x000000000800796c                __subdf3
                0x000000000800796c                __aeabi_dsub
                0x0000000008007970                __adddf3
                0x0000000008007970                __aeabi_dadd
                0x0000000008007be8                __aeabi_ui2d
                0x0000000008007be8                __floatunsidf
                0x0000000008007c08                __floatsidf
                0x0000000008007c08                __aeabi_i2d
                0x0000000008007c2c                __extendsfdf2
                0x0000000008007c2c                __aeabi_f2d
                0x0000000008007c70                __aeabi_ul2d
                0x0000000008007c70                __floatundidf
                0x0000000008007c80                __aeabi_l2d
                0x0000000008007c80                __floatdidf
 .text          0x0000000008007cdc      0x424 /usr/lib/gcc/arm-none-eabi/10.2.0/thumb/v7/nofp/libgcc.a(_arm_muldivdf3.o)
                0x0000000008007cdc                __muldf3
                0x0000000008007cdc                __aeabi_dmul
                0x0000000008007f30                __aeabi_ddiv
                0x0000000008007f30                __divdf3
 .text          0x0000000008008100       0x50 /usr/lib/gcc/arm-none-eabi/10.2.0/thumb/v7/nofp/libgcc.a(_arm_fixdfsi.o)
                0x0000000008008100                __fixdfsi
                0x0000000008008100                __aeabi_d2iz
 .text          0x0000000008008150       0x40 /usr/lib/gcc/arm-none-eabi/10.2.0/thumb/v7/nofp/libgcc.a(_arm_fixunsdfsi.o)
                0x0000000008008150                __fixunsdfsi
                0x0000000008008150                __aeabi_d2uiz
 .text          0x0000000008008190       0xa0 /usr/lib/gcc/arm-none-eabi/10.2.0/thumb/v7/nofp/libgcc.a(_arm_truncdfsf2.o)
                0x0000000008008190                __aeabi_d2f
                0x0000000008008190                __truncdfsf2
 .text          0x0000000008008230      0x21c /usr/lib/gcc/arm-none-eabi/10.2.0/thumb/v7/nofp/libgcc.a(_arm_addsubsf3.o)
                0x0000000008008230                __aeabi_frsub
                0x0000000008008238                __subsf3
                0x0000000008008238                __aeabi_fsub
                0x000000000800823c                __aeabi_fadd
                0x000000000800823c                __addsf3
                0x000000000800839c                __floatunsisf
                0x000000000800839c                __aeabi_ui2f
                0x00000000080083a4                __floatsisf
                0x00000000080083a4                __aeabi_i2f
                0x00000000080083c0                __floatundisf
                0x00000000080083c0                __aeabi_ul2f
                0x00000000080083d0                __floatdisf
                0x00000000080083d0                __aeabi_l2f
 .text          0x000000000800844c      0x2a0 /usr/lib/gcc/arm-none-eabi/10.2.0/thumb/v7/nofp/libgcc.a(_arm_muldivsf3.o)
                0x000000000800844c                __mulsf3
                0x000000000800844c                __aeabi_fmul
                0x00000000080085b4                __aeabi_fdiv
                0x00000000080085b4                __divsf3
 .text          0x00000000080086ec       0xec /usr/lib/gcc/arm-none-eabi/10.2.0/thumb/v7/nofp/libgcc.a(_arm_cmpsf2.o)
                0x00000000080086ec                __gtsf2
                0x00000000080086ec                __gesf2
                0x00000000080086f4                __lesf2
                0x00000000080086f4                __ltsf2
                0x00000000080086fc                __nesf2
                0x00000000080086fc                __cmpsf2
                0x00000000080086fc                __eqsf2
                0x000000000800875c                __aeabi_cfrcmple
                0x0000000008008764                __aeabi_cfcmpeq
                0x0000000008008764                __aeabi_cfcmple
                0x0000000008008774                __aeabi_fcmpeq
                0x0000000008008788                __aeabi_fcmplt
                0x000000000800879c                __aeabi_fcmple
                0x00000000080087b0                __aeabi_fcmpge
                0x00000000080087c4                __aeabi_fcmpgt
 .text          0x00000000080087d8       0x4c /usr/lib/gcc/arm-none-eabi/10.2.0/thumb/v7/nofp/libgcc.a(_arm_fixsfsi.o)
                0x00000000080087d8                __fixsfsi
                0x00000000080087d8                __aeabi_f2iz
 .text          0x0000000008008824       0x40 /usr/lib/gcc/arm-none-eabi/10.2.0/thumb/v7/nofp/libgcc.a(_arm_fixunssfsi.o)
                0x0000000008008824                __aeabi_f2uiz
                0x0000000008008824                __fixunssfsi
 .text          0x0000000008008864       0xa4 /usr/lib/gcc/arm-none-eabi/10.2.0/../../../../arm-none-eabi/lib/thumb/v7/nofp/libc.a(lib_a-memset.o)
                0x0000000008008864                memset
                0x0000000008008908                . = ALIGN (0x4)
 *(.rodata*)
 .rodata._ZTV11CanCallback
                0x0000000008008908       0x10 obj/main.o
                0x0000000008008908                vtable for CanCallback
 .rodata._ZTV23FunctionPointerCallback
                0x0000000008008918       0x10 obj/main.o
                0x0000000008008918                vtable for FunctionPointerCallback
 .rodata._ZN14Stm32Scheduler5ocMapE
                0x0000000008008928        0x4 obj/stm32scheduler.o
                0x0000000008008928                Stm32Scheduler::ocMap
 .rodata.str1.4
                0x000000000800892c      0x5a4 obj/params.o
                                        0x5ac (size before relaxing)
 .rodata._ZN5ParamL7attribsE
                0x0000000008008ed0     0x14ac obj/params.o
 .rodata._ZN8Terminal10EnableUartEPc.str1.4
                0x000000000800a37c      0x5a4 obj/terminal.o
                                          0x5 (size before relaxing)
 .rodata._ZN8Terminal8FastUartEPc.str1.4
                0x000000000800a37c       0x17 obj/terminal.o
                                         0x1b (size before relaxing)
 *fill*         0x000000000800a393        0x1 
 .rodata._ZN8Terminal4EchoEPc.str1.4
                0x000000000800a394       0x17 obj/terminal.o
 *fill*         0x000000000800a3ab        0x1 
 .rodata._ZN8Terminal3RunEv.str1.4
                0x000000000800a3ac       0x3b obj/terminal.o
 *fill*         0x000000000800a3e7        0x1 
 .rodata._ZTV8IPutChar
                0x000000000800a3e8        0xc obj/terminal.o
                0x000000000800a3e8                vtable for IPutChar
 .rodata._ZN8Terminal6hwInfoE
                0x000000000800a3f4       0x70 obj/terminal.o
                0x000000000800a3f4                Terminal::hwInfo
 .rodata._ZTV8Terminal
                0x000000000800a464        0xc obj/terminal.o
                0x000000000800a464                vtable for Terminal
 .rodata._ZL11PrintSerialP8TerminalPc.str1.4
                0x000000000800a470       0x11 obj/terminal_prj.o
 *fill*         0x000000000800a481        0x3 
 .rodata._ZL12LoadDefaultsP8TerminalPc.str1.4
                0x000000000800a484       0x12 obj/terminal_prj.o
 *fill*         0x000000000800a496        0x2 
 .rodata.str1.4
                0x000000000800a498       0x5f obj/terminal_prj.o
 *fill*         0x000000000800a4f7        0x1 
 .rodata.termCmds
                0x000000000800a4f8       0x70 obj/terminal_prj.o
                0x000000000800a4f8                termCmds
 .rodata._ZL5printP8IPutCharPKcSt9__va_list.str1.4
                0x000000000800a568        0x7 obj/printf.o
 *fill*         0x000000000800a56f        0x1 
 .rodata._ZTV13ExternPutChar
                0x000000000800a570        0xc obj/printf.o
                0x000000000800a570                vtable for ExternPutChar
 .rodata        0x000000000800a57c        0x8 obj/anain.o
 .rodata._ZN12ErrorMessage10PrintErrorEm17ERROR_MESSAGE_NUM.str1.4
                0x000000000800a584       0x10 obj/errormessage.o
 .rodata._ZN12ErrorMessage14PrintAllErrorsEv.str1.4
                0x000000000800a594        0xc obj/errormessage.o
 .rodata.str1.4
                0x000000000800a5a0       0x3a obj/errormessage.o
                                         0x3e (size before relaxing)
 *fill*         0x000000000800a5da        0x2 
 .rodata._ZL16errorDescriptors
                0x000000000800a5dc       0x10 obj/errormessage.o
 .rodata._ZL5types
                0x000000000800a5ec        0xc obj/errormessage.o
 .rodata        0x000000000800a5f8        0x8 obj/stm32_can.o
 .rodata._ZL8canSpeed
                0x000000000800a600       0x3c obj/stm32_can.o
 .rodata._ZTV8Stm32Can
                0x000000000800a63c       0x14 obj/stm32_can.o
                0x000000000800a63c                vtable for Stm32Can
 .rodata._ZTV11CanHardware
                0x000000000800a650       0x14 obj/canhardware.o
                0x000000000800a650                vtable for CanHardware
 .rodata._ZTV12NullCallback
                0x000000000800a664       0x10 obj/canhardware.o
                0x000000000800a664                vtable for NullCallback
 .rodata._ZTV6CanMap
                0x000000000800a674       0x10 obj/canmap.o
                0x000000000800a674                vtable for CanMap
 .rodata._ZN16TerminalCommands11PrintCanMapEN5Param9PARAM_NUMEmhafab.str1.4
                0x000000000800a684       0x24 obj/terminalcommands.o
 .rodata._ZN16TerminalCommands8ParamSetEP8TerminalPc.str1.4
                0x000000000800a6a8       0x57 obj/terminalcommands.o
 *fill*         0x000000000800a6ff        0x1 
 .rodata._ZN16TerminalCommands8ParamGetEP8TerminalPc.str1.4
                0x000000000800a700       0x22 obj/terminalcommands.o
 *fill*         0x000000000800a722        0x2 
 .rodata._ZN16TerminalCommands9ParamFlagEP8TerminalPc.str1.4
                0x000000000800a724       0x39 obj/terminalcommands.o
 *fill*         0x000000000800a75d        0x3 
 .rodata._ZN16TerminalCommands15PrintParamsJsonEP8IPutCharPc.str1.4
                0x000000000800a760      0x13a obj/terminalcommands.o
 *fill*         0x000000000800a89a        0x2 
 .rodata._ZN16TerminalCommands6MapCanEP8TerminalPc.str1.4
                0x000000000800a89c      0x112 obj/terminalcommands.o
                                        0x116 (size before relaxing)
 *fill*         0x000000000800a9ae        0x2 
 .rodata._ZN16TerminalCommands14SaveParametersEP8TerminalPc.str1.4
                0x000000000800a9b0       0x6f obj/terminalcommands.o
 *fill*         0x000000000800aa1f        0x1 
 .rodata._ZN16TerminalCommands14LoadParametersEP8TerminalPc.str1.4
                0x000000000800aa20       0x2a obj/terminalcommands.o
 *fill*         0x000000000800aa4a        0x2 
 .rodata._ZN16TerminalCommands11ParamStreamEP8TerminalPc.str1.4
                0x000000000800aa4c       0x25 obj/terminalcommands.o
                                         0x2f (size before relaxing)
 *fill*         0x000000000800aa71        0x3 
 .rodata._ZL10crc14table
                0x000000000800aa74      0x200 obj/BatMan.o
 .rodata._ZL8utilTopN
                0x000000000800ac74        0x9 obj/BatMan.o
 *fill*         0x000000000800ac7d        0x3 
 .rodata._ZTV6CanSdo
                0x000000000800ac80       0x20 obj/cansdo.o
                0x000000000800ac80                vtable for CanSdo
 .rodata.rcc_hse_configs
                0x000000000800aca0       0x8c libopencm3/lib/libopencm3_stm32f1.a(rcc.o)
                0x000000000800aca0                rcc_hse_configs
                0x000000000800ad2c                . = ALIGN (0x4)

.glue_7         0x000000000800ad2c        0x0
 .glue_7        0x000000000800ad2c        0x0 linker stubs

.glue_7t        0x000000000800ad2c        0x0
 .glue_7t       0x000000000800ad2c        0x0 linker stubs

.vfp11_veneer   0x000000000800ad2c        0x0
 .vfp11_veneer  0x000000000800ad2c        0x0 linker stubs

.v4_bx          0x000000000800ad2c        0x0
 .v4_bx         0x000000000800ad2c        0x0 linker stubs

.iplt           0x000000000800ad2c        0x0
 .iplt          0x000000000800ad2c        0x0 obj/main.o

.rel.dyn        0x000000000800ad2c        0x0
 .rel.iplt      0x000000000800ad2c        0x0 obj/main.o

.preinit_array  0x000000000800ad2c        0x0
                0x000000000800ad2c                . = ALIGN (0x4)
                0x000000000800ad2c                __preinit_array_start = .
 *(.preinit_array)
                0x000000000800ad2c                __preinit_array_end = .

.init_array     0x000000000800ad2c        0x8
                0x000000000800ad2c                . = ALIGN (0x4)
                0x000000000800ad2c                __init_array_start = .
 *(SORT_BY_NAME(.init_array.*))
 *(.init_array)
 .init_array    0x000000000800ad2c        0x4 obj/sine_core.o
 .init_array    0x000000000800ad30        0x4 obj/anain.o
                0x000000000800ad34                __init_array_end = .

.fini_array     0x000000000800ad34        0x0
                0x000000000800ad34                . = ALIGN (0x4)
                0x000000000800ad34                __fini_array_start = .
 *(.fini_array)
 *(SORT_BY_NAME(.fini_array.*))
                0x000000000800ad34                __fini_array_end = .

.ARM.extab
 *(.ARM.extab*)

.ARM.exidx      0x000000000800ad34        0x0
                0x000000000800ad34                __exidx_start = .
 *(.ARM.exidx*)
                0x000000000800ad34                __exidx_end = .
                0x000000000800ad34                . = ALIGN (0x4)
                0x000000000800ad34                _etext = .

.noinit
 *(.noinit*)
                0x000000000800ad34                . = ALIGN (0x4)

.data           0x0000000020000000      0x568 load address 0x000000000800ad34
                0x0000000020000000                _data = .
 *(.data*)
 .data._ZN5ParamL6valuesE
                0x0000000020000000      0x2f4 obj/params.o
 .data.errorBuffer
                0x00000000200002f4       0x20 obj/errormessage.o
                0x00000000200002f4                errorBuffer
 .data._ZL12nullCallback
                0x0000000020000314        0x4 obj/canhardware.o
 .data._ZN16TerminalCommands11saveEnabledE
                0x0000000020000318        0x1 obj/terminalcommands.o
                0x0000000020000318                TerminalCommands::saveEnabled
 .data.BmbTimeout
                0x0000000020000319        0x1 obj/BatMan.o
                0x0000000020000319                BmbTimeout
 *fill*         0x000000002000031a        0x2 
 .data.CellVMin
                0x000000002000031c        0x4 obj/BatMan.o
                0x000000002000031c                CellVMin
 .data.Mute     0x0000000020000320        0x4 obj/BatMan.o
                0x0000000020000320                Mute
 .data.SendDelay
                0x0000000020000324        0x2 obj/BatMan.o
                0x0000000020000324                SendDelay
 *fill*         0x0000000020000326        0x2 
 .data.Snap     0x0000000020000328        0x4 obj/BatMan.o
                0x0000000020000328                Snap
 .data.TempMin  0x000000002000032c        0x4 obj/BatMan.o
                0x000000002000032c                TempMin
 .data.Unmute   0x0000000020000330        0x4 obj/BatMan.o
                0x0000000020000330                Unmute
 .data.WakeUp   0x0000000020000334        0x4 obj/BatMan.o
                0x0000000020000334                WakeUp
 .data.crcTable2f
                0x0000000020000338      0x200 obj/BatMan.o
                0x0000000020000338                crcTable2f
 .data.reqTemp  0x0000000020000538        0x2 obj/BatMan.o
                0x0000000020000538                reqTemp
 *fill*         0x000000002000053a        0x2 
 .data.NoCurLim
                0x000000002000053c        0x4 obj/BMSUtil.o
                0x000000002000053c                NoCurLim
 .data.NoCurRun
                0x0000000020000540        0x4 obj/BMSUtil.o
                0x0000000020000540                NoCurRun
 .data.voltageToSoc
                0x0000000020000544       0x16 obj/BMSUtil.o
                0x0000000020000544                voltageToSoc
 .data._ZL14numberOfSlaves
                0x000000002000055a        0x1 obj/MAXbms.o
 *fill*         0x000000002000055b        0x1 
 .data.rcc_ahb_frequency
                0x000000002000055c        0x4 libopencm3/lib/libopencm3_stm32f1.a(rcc.o)
                0x000000002000055c                rcc_ahb_frequency
 .data.rcc_apb1_frequency
                0x0000000020000560        0x4 libopencm3/lib/libopencm3_stm32f1.a(rcc.o)
                0x0000000020000560                rcc_apb1_frequency
 .data.rcc_apb2_frequency
                0x0000000020000564        0x4 libopencm3/lib/libopencm3_stm32f1.a(rcc.o)
                0x0000000020000564                rcc_apb2_frequency
 *(.ramtext*)
                0x0000000020000568                . = ALIGN (0x4)
                0x0000000020000568                _edata = .
                0x000000000800ad34                _data_loadaddr = LOADADDR (.data)

.igot.plt       0x0000000020000568        0x0 load address 0x000000000800b29c
 .igot.plt      0x0000000020000568        0x0 obj/main.o

.bss            0x0000000020000568      0x640 load address 0x000000000800b29c
 *(.bss*)
 .bss._ZL3can   0x0000000020000568        0x4 obj/main.o
 .bss._ZL6canMap
                0x000000002000056c        0x4 obj/main.o
 .bss._ZL7BMStype
                0x0000000020000570        0x1 obj/main.o
 *fill*         0x0000000020000571        0x3 
 .bss._ZL9scheduler
                0x0000000020000574        0x4 obj/main.o
 .bss._ZN5ParamL5flagsE
                0x0000000020000578       0xbd obj/params.o
 *fill*         0x0000000020000635        0x3 
 .bss._ZN8Terminal15defaultTerminalE
                0x0000000020000638        0x4 obj/terminal.o
                0x0000000020000638                Terminal::defaultTerminal
 .bss._ZN5DigIo3in1E
                0x000000002000063c        0x8 obj/digio.o
                0x000000002000063c                DigIo::in1
 .bss._ZN5DigIo3in2E
                0x0000000020000644        0x8 obj/digio.o
                0x0000000020000644                DigIo::in2
 .bss._ZN5DigIo4out1E
                0x000000002000064c        0x8 obj/digio.o
                0x000000002000064c                DigIo::out1
 .bss._ZN5DigIo4out2E
                0x0000000020000654        0x8 obj/digio.o
                0x0000000020000654                DigIo::out2
 .bss._ZN5DigIo5BatCSE
                0x000000002000065c        0x8 obj/digio.o
                0x000000002000065c                DigIo::BatCS
 .bss._ZN5DigIo7batm_enE
                0x0000000020000664        0x8 obj/digio.o
                0x0000000020000664                DigIo::batm_en
 .bss._ZN5DigIo7led_outE
                0x000000002000066c        0x8 obj/digio.o
                0x000000002000066c                DigIo::led_out
 .bss._ZN8SineCore11ZERO_OFFSETE
                0x0000000020000674        0x2 obj/sine_core.o
                0x0000000020000674                SineCore::ZERO_OFFSET
 *fill*         0x0000000020000676        0x2 
 .bss._ZN5AnaIn13channel_arrayE
                0x0000000020000678        0x2 obj/anain.o
                0x0000000020000678                AnaIn::channel_array
 *fill*         0x000000002000067a        0x2 
 .bss._ZN5AnaIn4A1inE
                0x000000002000067c        0x4 obj/anain.o
                0x000000002000067c                AnaIn::A1in
 .bss._ZN5AnaIn5lvmonE
                0x0000000020000680        0x4 obj/anain.o
                0x0000000020000680                AnaIn::lvmon
 .bss._ZN5AnaIn6valuesE
                0x0000000020000684       0x30 obj/anain.o
                0x0000000020000684                AnaIn::values
 .bss._ZN12ErrorMessage8timeTickE
                0x00000000200006b4        0x4 obj/errormessage.o
                0x00000000200006b4                ErrorMessage::timeTick
 .bss._ZN8Stm32Can10interfacesE
                0x00000000200006b8        0x8 obj/stm32_can.o
                0x00000000200006b8                Stm32Can::interfaces
 .bss._ZN6CanMap8isSavingE
                0x00000000200006c0        0x1 obj/canmap.o
                0x00000000200006c0                CanMap::isSaving
 *fill*         0x00000000200006c1        0x3 
 .bss._ZL7curTerm
                0x00000000200006c4        0x4 obj/terminalcommands.o
 .bss._ZN16TerminalCommands6canMapE
                0x00000000200006c8        0x4 obj/terminalcommands.o
                0x00000000200006c8                TerminalCommands::canMap
 .bss.BalEven   0x00000000200006cc        0x1 obj/BatMan.o
                0x00000000200006cc                BalEven
 .bss.BalanceFlag
                0x00000000200006cd        0x1 obj/BatMan.o
                0x00000000200006cd                BalanceFlag
 *fill*         0x00000000200006ce        0x2 
 .bss.CellBalCmd
                0x00000000200006d0       0x10 obj/BatMan.o
                0x00000000200006d0                CellBalCmd
 .bss.CellVMax  0x00000000200006e0        0x4 obj/BatMan.o
                0x00000000200006e0                CellVMax
 .bss.Cfg       0x00000000200006e4       0x20 obj/BatMan.o
                0x00000000200006e4                Cfg
 .bss.ChipNum   0x0000000020000704        0x1 obj/BatMan.o
                0x0000000020000704                ChipNum
 *fill*         0x0000000020000705        0x3 
 .bss.ChipV     0x0000000020000708       0x10 obj/BatMan.o
                0x0000000020000708                ChipV
 .bss.Fluffer   0x0000000020000718       0x48 obj/BatMan.o
                0x0000000020000718                Fluffer
 .bss.IdleCnt   0x0000000020000760        0x2 obj/BatMan.o
                0x0000000020000760                IdleCnt
 .bss.LoopRanCnt
                0x0000000020000762        0x2 obj/BatMan.o
                0x0000000020000762                LoopRanCnt
 .bss.LoopState
                0x0000000020000764        0x2 obj/BatMan.o
                0x0000000020000764                LoopState
 *fill*         0x0000000020000766        0x2 
 .bss.Temp1     0x0000000020000768       0x10 obj/BatMan.o
                0x0000000020000768                Temp1
 .bss.Temp2     0x0000000020000778       0x10 obj/BatMan.o
                0x0000000020000778                Temp2
 .bss.TempMax   0x0000000020000788        0x4 obj/BatMan.o
                0x0000000020000788                TempMax
 .bss.Temps     0x000000002000078c       0x10 obj/BatMan.o
                0x000000002000078c                Temps
 .bss.Voltage   0x000000002000079c       0xf0 obj/BatMan.o
                0x000000002000079c                Voltage
 .bss.Volts5v   0x000000002000088c       0x10 obj/BatMan.o
                0x000000002000088c                Volts5v
 .bss.count1    0x000000002000089c        0x1 obj/BatMan.o
                0x000000002000089c                count1
 .bss.count2    0x000000002000089d        0x1 obj/BatMan.o
                0x000000002000089d                count2
 .bss.count3    0x000000002000089e        0x1 obj/BatMan.o
                0x000000002000089e                count3
 *fill*         0x000000002000089f        0x1 
 .bss.padding   0x00000000200008a0        0x2 obj/BatMan.o
                0x00000000200008a0                padding
 .bss.receive1  0x00000000200008a2        0x2 obj/BatMan.o
                0x00000000200008a2                receive1
 .bss.receive2  0x00000000200008a4        0x2 obj/BatMan.o
                0x00000000200008a4                receive2
 *fill*         0x00000000200008a6        0x2 
 .bss.tempval1  0x00000000200008a8        0x4 obj/BatMan.o
                0x00000000200008a8                tempval1
 .bss.tempval2  0x00000000200008ac        0x4 obj/BatMan.o
                0x00000000200008ac                tempval2
 .bss._ZL1c     0x00000000200008b0        0x4 obj/CAN_Common.o
 .bss.loopcnt   0x00000000200008b4        0x1 obj/CAN_Common.o
                0x00000000200008b4                loopcnt
 *fill*         0x00000000200008b5        0x3 
 .bss.NoCurCounter
                0x00000000200008b8        0x4 obj/BMSUtil.o
                0x00000000200008b8                NoCurCounter
 .bss.TempSOC   0x00000000200008bc        0x2 obj/BMSUtil.o
                0x00000000200008bc                TempSOC
 *fill*         0x00000000200008be        0x2 
 .bss.asDiff    0x00000000200008c0        0x4 obj/BMSUtil.o
                0x00000000200008c0                asDiff
 .bss.lastAh    0x00000000200008c4        0x4 obj/BMSUtil.o
                0x00000000200008c4                lastAh
 .bss._ZL10TempToggle
                0x00000000200008c8        0x1 obj/MAXbms.o
 *fill*         0x00000000200008c9        0x3 
 .bss._ZL11cellVoltage
                0x00000000200008cc      0x1b0 obj/MAXbms.o
 .bss._ZL13SetupComplete
                0x0000000020000a7c        0x1 obj/MAXbms.o
 *fill*         0x0000000020000a7d        0x3 
 .bss._ZL13cellBlockTemp
                0x0000000020000a80       0xd8 obj/MAXbms.o
 .bss._ZL14dieTemperature
                0x0000000020000b58       0x24 obj/MAXbms.o
 .bss._ZL4loop  0x0000000020000b7c        0x1 obj/MAXbms.o
 .bss._ZL9dataReady
                0x0000000020000b7d        0x1 obj/MAXbms.o
 .bss._ZL9loopstate
                0x0000000020000b7e        0x1 obj/MAXbms.o
 .bss._ZZN6MAXbms13readAllSlavesEhbE13resendCounter
                0x0000000020000b7f        0x1 obj/MAXbms.o
 .bss._ZZN6MAXbms14writeAllSlavesEhtbE13resendCounter
                0x0000000020000b80        0x1 obj/MAXbms.o
 *fill*         0x0000000020000b81        0x3 
 .bss._ZN3ISA11TemperatureE
                0x0000000020000b84        0x4 obj/isa_shunt.o
                0x0000000020000b84                ISA::Temperature
 .bss._ZN3ISA2AhE
                0x0000000020000b88        0x4 obj/isa_shunt.o
                0x0000000020000b88                ISA::Ah
 .bss._ZN3ISA2KWE
                0x0000000020000b8c        0x4 obj/isa_shunt.o
                0x0000000020000b8c                ISA::KW
 .bss._ZN3ISA3KWhE
                0x0000000020000b90        0x4 obj/isa_shunt.o
                0x0000000020000b90                ISA::KWh
 .bss._ZN3ISA7AmperesE
                0x0000000020000b94        0x4 obj/isa_shunt.o
                0x0000000020000b94                ISA::Amperes
 .bss._ZN3ISA7VoltageE
                0x0000000020000b98        0x4 obj/isa_shunt.o
                0x0000000020000b98                ISA::Voltage
 .bss._ZN3ISA8Voltage2E
                0x0000000020000b9c        0x4 obj/isa_shunt.o
                0x0000000020000b9c                ISA::Voltage2
 .bss._ZN3ISA8Voltage3E
                0x0000000020000ba0        0x4 obj/isa_shunt.o
                0x0000000020000ba0                ISA::Voltage3
 .bss.framecount